C:\Users\student\Desktop\Boomberman\Boomberman\battle_city_design\implementation\battle_city.ngc 1525767586
C:/Users/student/Desktop/Boomberman/Boomberman/battle_city_design/implementation/battle_city_io_periph_wrapper.ngc 1525767556
C:/Users/student/Desktop/Boomberman/Boomberman/battle_city_design/implementation/battle_city_proc_sys_reset_0_wrapper.ngc 1525767466
C:/Users/student/Desktop/Boomberman/Boomberman/battle_city_design/implementation/battle_city_clock_generator_0_wrapper.ngc 1525767570
C:/Users/student/Desktop/Boomberman/Boomberman/battle_city_design/implementation/battle_city_battle_city_periph_0_wrapper.ngc 1525767549
C:/Users/student/Desktop/Boomberman/Boomberman/battle_city_design/implementation/battle_city_microblaze_0_ilmb_wrapper.ngc 1525767561
C:/Users/student/Desktop/Boomberman/Boomberman/battle_city_design/implementation/battle_city_microblaze_0_dlmb_wrapper.ngc 1525767564
C:/Users/student/Desktop/Boomberman/Boomberman/battle_city_design/implementation/battle_city_axi4lite_0_wrapper.ngc 1525767572
C:/Users/student/Desktop/Boomberman/Boomberman/battle_city_design/implementation/battle_city_microblaze_0_wrapper.ngc 1525767567
C:/Users/student/Desktop/Boomberman/Boomberman/battle_city_design/implementation/battle_city_microblaze_0_i_bram_ctrl_wrapper.ngc 1525767476
C:/Users/student/Desktop/Boomberman/Boomberman/battle_city_design/implementation/battle_city_microblaze_0_d_bram_ctrl_wrapper.ngc 1525767484
C:/Users/student/Desktop/Boomberman/Boomberman/battle_city_design/implementation/battle_city_debug_module_wrapper.ngc 1525767524
C:/Users/student/Desktop/Boomberman/Boomberman/battle_city_design/implementation/battle_city_microblaze_0_bram_block_wrapper.ngc 1525767490
OK
