10:44:32 **** Auto Build of configuration Debug for project boomberman_app ****
make all 
'Building file: ../src/main.c'
'Invoking: MicroBlaze gcc compiler'
mb-gcc -Wall -O0 -g3 -c -fmessage-length=0 -I../../batle_city_bsp_0/microblaze_0/include -mlittle-endian -mxl-barrel-shift -mxl-pattern-compare -mcpu=v8.50.b -mno-xl-soft-mul -Wl,--no-relax -ffunction-sections -fdata-sections -MMD -MP -MF"src/main.d" -MT"src/main.d" -o "src/main.o" "../src/main.c"
'Finished building: ../src/main.c'
' '
'Building target: boomberman_app.elf'
'Invoking: MicroBlaze gcc linker'
mb-gcc -Wl,-T -Wl,../src/lscript.ld -L../../batle_city_bsp_0/microblaze_0/lib -mlittle-endian -mxl-barrel-shift -mxl-pattern-compare -mcpu=v8.50.b -mno-xl-soft-mul -Wl,--no-relax -Wl,--gc-sections -o "boomberman_app.elf"  ./src/battle_city.o ./src/main.o ./src/main_menu.o ./src/maps.o ./src/platform.o   
'Finished building target: boomberman_app.elf'
' '
'Invoking: MicroBlaze Print Size'
mb-size boomberman_app.elf  |tee "boomberman_app.elf.size"
   text	   data	    bss	    dec	    hex	filename
  16592	   6168	   2152	  24912	   6150	boomberman_app.elf
'Finished building: boomberman_app.elf.size'
' '
'Invoking: Xilinx ELF Check'
elfcheck boomberman_app.elf -hw ../../battle_city_design_hw_platform/system.xml -pe microblaze_0  |tee "boomberman_app.elf.elfcheck"
elfcheck
Xilinx EDK 14.6 Build EDK_P.68d
Copyright (c) 1995-2012 Xilinx, Inc.  All rights reserved.

Command Line: elfcheck -hw ../../battle_city_design_hw_platform/system.xml -pe
microblaze_0 boomberman_app.elf 

ELF file	: boomberman_app.elf
elfcheck passed.
'Finished building: boomberman_app.elf.elfcheck'
' '

10:44:33 Build Finished (took 1s.273ms)

