16:28:36 **** Incremental Build of configuration Debug for project boomberman_app ****
make all 
make: Ništa za napraviti za `all'.
16:28:47 **** Incremental Build of configuration Debug for project Boomberman ****
make all 
make: Ništa za napraviti za `all'.
16:28:47 **** Incremental Build of configuration Debug for project bomberman_app1 ****
make all 
make: Ništa za napraviti za `all'.
16:28:48 **** Incremental Build of configuration Debug for project boomberman_app ****
make all 
make: Ništa za napraviti za `all'.
16:29:43 **** Incremental Build of configuration Debug for project Boomberman ****
make all 
make: Ništa za napraviti za `all'.
16:29:43 **** Incremental Build of configuration Debug for project bomberman_app1 ****
make all 
make: Ništa za napraviti za `all'.
16:29:44 **** Incremental Build of configuration Debug for project boomberman_app ****
make all 
make: Ništa za napraviti za `all'.
16:31:20 **** Auto Build of project batle_city_bsp_0 ****
make -k all 
'Finished building libraries'
16:31:28 **** Incremental Build of configuration Debug for project Boomberman ****
make all 
make: Ništa za napraviti za `all'.
16:31:28 **** Incremental Build of configuration Debug for project bomberman_app1 ****
make all 
make: Ništa za napraviti za `all'.
16:31:29 **** Incremental Build of configuration Debug for project boomberman_app ****
make all 
make: Ništa za napraviti za `all'.
16:32:56 **** Auto Build of configuration Debug for project boomberman_app ****
make all 
'Building file: ../src/battle_city.c'
'Invoking: MicroBlaze gcc compiler'
mb-gcc -Wall -O0 -g3 -c -fmessage-length=0 -I../../batle_city_bsp_0/microblaze_0/include -mlittle-endian -mxl-barrel-shift -mxl-pattern-compare -mcpu=v8.50.b -mno-xl-soft-mul -Wl,--no-relax -ffunction-sections -fdata-sections -MMD -MP -MF"src/battle_city.d" -MT"src/battle_city.d" -o "src/battle_city.o" "../src/battle_city.c"
../src/battle_city.c: In function 'place_explosion':
../src/battle_city.c:168:3: warning: implicit declaration of function 'obstacles_detection' [-Wimplicit-function-declaration]
../src/battle_city.c: In function 'random_move_enemy':
../src/battle_city.c:718:2: warning: implicit declaration of function 'rand' [-Wimplicit-function-declaration]
../src/battle_city.c:719:2: warning: passing argument 4 of 'obstacles_detection' from incompatible pointer type [enabled by default]
../src/battle_city.c:311:5: note: expected 'unsigned char *' but argument is of type 'unsigned char (*)[40]'
../src/battle_city.c: In function 'battle_city':
../src/battle_city.c:750:2: warning: passing argument 1 of 'map_reset' from incompatible pointer type [enabled by default]
../src/battle_city.c:301:13: note: expected 'unsigned char *' but argument is of type 'unsigned char (*)[40]'
../src/battle_city.c:795:5: warning: passing argument 1 of 'destroy' from incompatible pointer type [enabled by default]
../src/battle_city.c:518:13: note: expected 'unsigned char *' but argument is of type 'unsigned char (*)[40]'
../src/battle_city.c:808:3: warning: passing argument 1 of 'mario_move' from incompatible pointer type [enabled by default]
../src/battle_city.c:361:15: note: expected 'unsigned char *' but argument is of type 'unsigned char (*)[40]'
../src/battle_city.c:748:6: warning: unused variable 'mapChange' [-Wunused-variable]
../src/battle_city.c: At top level:
../src/battle_city.c:165:13: warning: 'place_explosion' defined but not used [-Wunused-function]
'Finished building: ../src/battle_city.c'
' '
'Building target: boomberman_app.elf'
'Invoking: MicroBlaze gcc linker'
mb-gcc -Wl,-T -Wl,../src/lscript.ld -L../../batle_city_bsp_0/microblaze_0/lib -mlittle-endian -mxl-barrel-shift -mxl-pattern-compare -mcpu=v8.50.b -mno-xl-soft-mul -Wl,--no-relax -Wl,--gc-sections -o "boomberman_app.elf"  ./src/battle_city.o ./src/bitmap.o ./src/main.o ./src/platform.o ./src/tools.o   -Wl,--start-group,-lxil,-lgcc,-lc,--end-group
'Finished building target: boomberman_app.elf'
' '
'Invoking: MicroBlaze Print Size'
mb-size boomberman_app.elf  |tee "boomberman_app.elf.size"
   text	   data	    bss	    dec	    hex	filename
  24720	   5012	   2156	  31888	   7c90	boomberman_app.elf
'Finished building: boomberman_app.elf.size'
' '
'Invoking: Xilinx ELF Check'
elfcheck boomberman_app.elf -hw ../../battle_city_design_hw_platform/system.xml -pe microblaze_0  |tee "boomberman_app.elf.elfcheck"
elfcheck
Xilinx EDK 14.6 Build EDK_P.68d
Copyright (c) 1995-2012 Xilinx, Inc.  All rights reserved.

Command Line: elfcheck -hw ../../battle_city_design_hw_platform/system.xml -pe
microblaze_0 boomberman_app.elf 

ELF file	: boomberman_app.elf
elfcheck passed.
'Finished building: boomberman_app.elf.elfcheck'
' '
16:33:00 **** Auto Build of configuration Debug for project boomberman_app ****
make all 
'Building file: ../src/battle_city.c'
'Invoking: MicroBlaze gcc compiler'
mb-gcc -Wall -O0 -g3 -c -fmessage-length=0 -I../../batle_city_bsp_0/microblaze_0/include -mlittle-endian -mxl-barrel-shift -mxl-pattern-compare -mcpu=v8.50.b -mno-xl-soft-mul -Wl,--no-relax -ffunction-sections -fdata-sections -MMD -MP -MF"src/battle_city.d" -MT"src/battle_city.d" -o "src/battle_city.o" "../src/battle_city.c"
../src/battle_city.c: In function 'place_explosion':
../src/battle_city.c:168:3: warning: implicit declaration of function 'obstacles_detection' [-Wimplicit-function-declaration]
../src/battle_city.c: In function 'random_move_enemy':
../src/battle_city.c:718:2: warning: implicit declaration of function 'rand' [-Wimplicit-function-declaration]
../src/battle_city.c:719:2: warning: passing argument 4 of 'obstacles_detection' from incompatible pointer type [enabled by default]
../src/battle_city.c:311:5: note: expected 'unsigned char *' but argument is of type 'unsigned char (*)[40]'
../src/battle_city.c: In function 'battle_city':
../src/battle_city.c:750:2: warning: passing argument 1 of 'map_reset' from incompatible pointer type [enabled by default]
../src/battle_city.c:301:13: note: expected 'unsigned char *' but argument is of type 'unsigned char (*)[40]'
../src/battle_city.c:795:5: warning: passing argument 1 of 'destroy' from incompatible pointer type [enabled by default]
../src/battle_city.c:518:13: note: expected 'unsigned char *' but argument is of type 'unsigned char (*)[40]'
../src/battle_city.c:808:3: warning: passing argument 1 of 'mario_move' from incompatible pointer type [enabled by default]
../src/battle_city.c:361:15: note: expected 'unsigned char *' but argument is of type 'unsigned char (*)[40]'
../src/battle_city.c:748:6: warning: unused variable 'mapChange' [-Wunused-variable]
../src/battle_city.c: At top level:
../src/battle_city.c:165:13: warning: 'place_explosion' defined but not used [-Wunused-function]
'Finished building: ../src/battle_city.c'
' '
'Building target: boomberman_app.elf'
'Invoking: MicroBlaze gcc linker'
mb-gcc -Wl,-T -Wl,../src/lscript.ld -L../../batle_city_bsp_0/microblaze_0/lib -mlittle-endian -mxl-barrel-shift -mxl-pattern-compare -mcpu=v8.50.b -mno-xl-soft-mul -Wl,--no-relax -Wl,--gc-sections -o "boomberman_app.elf"  ./src/battle_city.o ./src/bitmap.o ./src/main.o ./src/platform.o ./src/tools.o   -Wl,--start-group,-lxil,-lgcc,-lc,--end-group
'Finished building target: boomberman_app.elf'
' '
'Invoking: MicroBlaze Print Size'
mb-size boomberman_app.elf  |tee "boomberman_app.elf.size"
   text	   data	    bss	    dec	    hex	filename
  24712	   5012	   2156	  31880	   7c88	boomberman_app.elf
'Finished building: boomberman_app.elf.size'
' '
'Invoking: Xilinx ELF Check'
elfcheck boomberman_app.elf -hw ../../battle_city_design_hw_platform/system.xml -pe microblaze_0  |tee "boomberman_app.elf.elfcheck"
elfcheck
Xilinx EDK 14.6 Build EDK_P.68d
Copyright (c) 1995-2012 Xilinx, Inc.  All rights reserved.

Command Line: elfcheck -hw ../../battle_city_design_hw_platform/system.xml -pe
microblaze_0 boomberman_app.elf 

ELF file	: boomberman_app.elf
elfcheck passed.
'Finished building: boomberman_app.elf.elfcheck'
' '
16:33:22 **** Auto Build of configuration Debug for project boomberman_app ****
make all 
'Building file: ../src/battle_city.c'
'Invoking: MicroBlaze gcc compiler'
mb-gcc -Wall -O0 -g3 -c -fmessage-length=0 -I../../batle_city_bsp_0/microblaze_0/include -mlittle-endian -mxl-barrel-shift -mxl-pattern-compare -mcpu=v8.50.b -mno-xl-soft-mul -Wl,--no-relax -ffunction-sections -fdata-sections -MMD -MP -MF"src/battle_city.d" -MT"src/battle_city.d" -o "src/battle_city.o" "../src/battle_city.c"
../src/battle_city.c: In function 'place_explosion':
../src/battle_city.c:168:3: warning: implicit declaration of function 'obstacles_detection' [-Wimplicit-function-declaration]
../src/battle_city.c: In function 'random_move_enemy':
../src/battle_city.c:718:2: warning: implicit declaration of function 'rand' [-Wimplicit-function-declaration]
../src/battle_city.c:719:2: warning: passing argument 4 of 'obstacles_detection' from incompatible pointer type [enabled by default]
../src/battle_city.c:311:5: note: expected 'unsigned char *' but argument is of type 'unsigned char (*)[40]'
../src/battle_city.c: In function 'battle_city':
../src/battle_city.c:750:2: warning: passing argument 1 of 'map_reset' from incompatible pointer type [enabled by default]
../src/battle_city.c:301:13: note: expected 'unsigned char *' but argument is of type 'unsigned char (*)[40]'
../src/battle_city.c:796:5: warning: passing argument 1 of 'destroy' from incompatible pointer type [enabled by default]
../src/battle_city.c:518:13: note: expected 'unsigned char *' but argument is of type 'unsigned char (*)[40]'
../src/battle_city.c:809:3: warning: passing argument 1 of 'mario_move' from incompatible pointer type [enabled by default]
../src/battle_city.c:361:15: note: expected 'unsigned char *' but argument is of type 'unsigned char (*)[40]'
../src/battle_city.c:759:6: warning: unused variable 'bombs_coordinates' [-Wunused-variable]
../src/battle_city.c:748:6: warning: unused variable 'mapChange' [-Wunused-variable]
../src/battle_city.c: At top level:
../src/battle_city.c:165:13: warning: 'place_explosion' defined but not used [-Wunused-function]
'Finished building: ../src/battle_city.c'
' '
'Building target: boomberman_app.elf'
'Invoking: MicroBlaze gcc linker'
mb-gcc -Wl,-T -Wl,../src/lscript.ld -L../../batle_city_bsp_0/microblaze_0/lib -mlittle-endian -mxl-barrel-shift -mxl-pattern-compare -mcpu=v8.50.b -mno-xl-soft-mul -Wl,--no-relax -Wl,--gc-sections -o "boomberman_app.elf"  ./src/battle_city.o ./src/bitmap.o ./src/main.o ./src/platform.o ./src/tools.o   -Wl,--start-group,-lxil,-lgcc,-lc,--end-group
'Finished building target: boomberman_app.elf'
' '
'Invoking: MicroBlaze Print Size'
mb-size boomberman_app.elf  |tee "boomberman_app.elf.size"
   text	   data	    bss	    dec	    hex	filename
  24712	   5012	   2156	  31880	   7c88	boomberman_app.elf
'Finished building: boomberman_app.elf.size'
' '
'Invoking: Xilinx ELF Check'
elfcheck boomberman_app.elf -hw ../../battle_city_design_hw_platform/system.xml -pe microblaze_0  |tee "boomberman_app.elf.elfcheck"
elfcheck
Xilinx EDK 14.6 Build EDK_P.68d
Copyright (c) 1995-2012 Xilinx, Inc.  All rights reserved.

Command Line: elfcheck -hw ../../battle_city_design_hw_platform/system.xml -pe
microblaze_0 boomberman_app.elf 

ELF file	: boomberman_app.elf
elfcheck passed.
'Finished building: boomberman_app.elf.elfcheck'
' '
16:34:02 **** Auto Build of configuration Debug for project boomberman_app ****
make all 
'Building file: ../src/battle_city.c'
'Invoking: MicroBlaze gcc compiler'
mb-gcc -Wall -O0 -g3 -c -fmessage-length=0 -I../../batle_city_bsp_0/microblaze_0/include -mlittle-endian -mxl-barrel-shift -mxl-pattern-compare -mcpu=v8.50.b -mno-xl-soft-mul -Wl,--no-relax -ffunction-sections -fdata-sections -MMD -MP -MF"src/battle_city.d" -MT"src/battle_city.d" -o "src/battle_city.o" "../src/battle_city.c"
../src/battle_city.c: In function 'place_explosion':
../src/battle_city.c:168:3: warning: implicit declaration of function 'obstacles_detection' [-Wimplicit-function-declaration]
../src/battle_city.c: In function 'random_move_enemy':
../src/battle_city.c:718:2: warning: implicit declaration of function 'rand' [-Wimplicit-function-declaration]
../src/battle_city.c:719:2: warning: passing argument 4 of 'obstacles_detection' from incompatible pointer type [enabled by default]
../src/battle_city.c:311:5: note: expected 'unsigned char *' but argument is of type 'unsigned char (*)[40]'
../src/battle_city.c: In function 'battle_city':
../src/battle_city.c:750:2: warning: passing argument 1 of 'map_reset' from incompatible pointer type [enabled by default]
../src/battle_city.c:301:13: note: expected 'unsigned char *' but argument is of type 'unsigned char (*)[40]'
../src/battle_city.c:796:5: warning: passing argument 1 of 'destroy' from incompatible pointer type [enabled by default]
../src/battle_city.c:518:13: note: expected 'unsigned char *' but argument is of type 'unsigned char (*)[40]'
../src/battle_city.c:809:3: warning: passing argument 1 of 'mario_move' from incompatible pointer type [enabled by default]
../src/battle_city.c:361:15: note: expected 'unsigned char *' but argument is of type 'unsigned char (*)[40]'
../src/battle_city.c:759:31: warning: unused variable 'bomb_index' [-Wunused-variable]
../src/battle_city.c:759:6: warning: unused variable 'bombs_coordinates' [-Wunused-variable]
../src/battle_city.c:748:6: warning: unused variable 'mapChange' [-Wunused-variable]
../src/battle_city.c: At top level:
../src/battle_city.c:165:13: warning: 'place_explosion' defined but not used [-Wunused-function]
'Finished building: ../src/battle_city.c'
' '
'Building target: boomberman_app.elf'
'Invoking: MicroBlaze gcc linker'
mb-gcc -Wl,-T -Wl,../src/lscript.ld -L../../batle_city_bsp_0/microblaze_0/lib -mlittle-endian -mxl-barrel-shift -mxl-pattern-compare -mcpu=v8.50.b -mno-xl-soft-mul -Wl,--no-relax -Wl,--gc-sections -o "boomberman_app.elf"  ./src/battle_city.o ./src/bitmap.o ./src/main.o ./src/platform.o ./src/tools.o   -Wl,--start-group,-lxil,-lgcc,-lc,--end-group
'Finished building target: boomberman_app.elf'
' '
'Invoking: MicroBlaze Print Size'
mb-size boomberman_app.elf  |tee "boomberman_app.elf.size"
   text	   data	    bss	    dec	    hex	filename
  24712	   5012	   2156	  31880	   7c88	boomberman_app.elf
'Finished building: boomberman_app.elf.size'
' '
'Invoking: Xilinx ELF Check'
elfcheck boomberman_app.elf -hw ../../battle_city_design_hw_platform/system.xml -pe microblaze_0  |tee "boomberman_app.elf.elfcheck"
elfcheck
Xilinx EDK 14.6 Build EDK_P.68d
Copyright (c) 1995-2012 Xilinx, Inc.  All rights reserved.

Command Line: elfcheck -hw ../../battle_city_design_hw_platform/system.xml -pe
microblaze_0 boomberman_app.elf 

ELF file	: boomberman_app.elf
elfcheck passed.
'Finished building: boomberman_app.elf.elfcheck'
' '
16:36:13 **** Auto Build of configuration Debug for project boomberman_app ****
make all 
'Building file: ../src/battle_city.c'
'Invoking: MicroBlaze gcc compiler'
mb-gcc -Wall -O0 -g3 -c -fmessage-length=0 -I../../batle_city_bsp_0/microblaze_0/include -mlittle-endian -mxl-barrel-shift -mxl-pattern-compare -mcpu=v8.50.b -mno-xl-soft-mul -Wl,--no-relax -ffunction-sections -fdata-sections -MMD -MP -MF"src/battle_city.d" -MT"src/battle_city.d" -o "src/battle_city.o" "../src/battle_city.c"
../src/battle_city.c: In function 'place_explosion':
../src/battle_city.c:168:3: warning: implicit declaration of function 'obstacles_detection' [-Wimplicit-function-declaration]
../src/battle_city.c: In function 'random_move_enemy':
../src/battle_city.c:718:2: warning: implicit declaration of function 'rand' [-Wimplicit-function-declaration]
../src/battle_city.c:719:2: warning: passing argument 4 of 'obstacles_detection' from incompatible pointer type [enabled by default]
../src/battle_city.c:311:5: note: expected 'unsigned char *' but argument is of type 'unsigned char (*)[40]'
../src/battle_city.c: In function 'battle_city':
../src/battle_city.c:750:2: warning: passing argument 1 of 'map_reset' from incompatible pointer type [enabled by default]
../src/battle_city.c:301:13: note: expected 'unsigned char *' but argument is of type 'unsigned char (*)[40]'
../src/battle_city.c:787:4: error: 'pom' undeclared (first use in this function)
../src/battle_city.c:787:4: note: each undeclared identifier is reported only once for each function it appears in
../src/battle_city.c:788:4: warning: value computed is not used [-Wunused-value]
../src/battle_city.c:789:4: error: expected ';' before 'map1'
../src/battle_city.c:798:5: warning: passing argument 1 of 'destroy' from incompatible pointer type [enabled by default]
../src/battle_city.c:518:13: note: expected 'unsigned char *' but argument is of type 'unsigned char (*)[40]'
../src/battle_city.c:812:3: warning: passing argument 1 of 'mario_move' from incompatible pointer type [enabled by default]
../src/battle_city.c:361:15: note: expected 'unsigned char *' but argument is of type 'unsigned char (*)[40]'
../src/battle_city.c:748:6: warning: unused variable 'mapChange' [-Wunused-variable]
../src/battle_city.c: At top level:
../src/battle_city.c:165:13: warning: 'place_explosion' defined but not used [-Wunused-function]
make: *** [src/battle_city.o] Greška 1
16:36:29 **** Auto Build of configuration Debug for project boomberman_app ****
make all 
'Building file: ../src/battle_city.c'
'Invoking: MicroBlaze gcc compiler'
mb-gcc -Wall -O0 -g3 -c -fmessage-length=0 -I../../batle_city_bsp_0/microblaze_0/include -mlittle-endian -mxl-barrel-shift -mxl-pattern-compare -mcpu=v8.50.b -mno-xl-soft-mul -Wl,--no-relax -ffunction-sections -fdata-sections -MMD -MP -MF"src/battle_city.d" -MT"src/battle_city.d" -o "src/battle_city.o" "../src/battle_city.c"
../src/battle_city.c: In function 'place_explosion':
../src/battle_city.c:168:3: warning: implicit declaration of function 'obstacles_detection' [-Wimplicit-function-declaration]
../src/battle_city.c: In function 'random_move_enemy':
../src/battle_city.c:718:2: warning: implicit declaration of function 'rand' [-Wimplicit-function-declaration]
../src/battle_city.c:719:2: warning: passing argument 4 of 'obstacles_detection' from incompatible pointer type [enabled by default]
../src/battle_city.c:311:5: note: expected 'unsigned char *' but argument is of type 'unsigned char (*)[40]'
../src/battle_city.c: In function 'battle_city':
../src/battle_city.c:750:2: warning: passing argument 1 of 'map_reset' from incompatible pointer type [enabled by default]
../src/battle_city.c:301:13: note: expected 'unsigned char *' but argument is of type 'unsigned char (*)[40]'
../src/battle_city.c:788:4: error: 'pom' undeclared (first use in this function)
../src/battle_city.c:788:4: note: each undeclared identifier is reported only once for each function it appears in
../src/battle_city.c:790:4: error: expected ';' before 'map1'
../src/battle_city.c:799:5: warning: passing argument 1 of 'destroy' from incompatible pointer type [enabled by default]
../src/battle_city.c:518:13: note: expected 'unsigned char *' but argument is of type 'unsigned char (*)[40]'
../src/battle_city.c:813:3: warning: passing argument 1 of 'mario_move' from incompatible pointer type [enabled by default]
../src/battle_city.c:361:15: note: expected 'unsigned char *' but argument is of type 'unsigned char (*)[40]'
../src/battle_city.c:759:6: warning: variable 'bombs_coordinates' set but not used [-Wunused-but-set-variable]
../src/battle_city.c:748:6: warning: unused variable 'mapChange' [-Wunused-variable]
../src/battle_city.c: At top level:
../src/battle_city.c:165:13: warning: 'place_explosion' defined but not used [-Wunused-function]
make: *** [src/battle_city.o] Greška 1
16:36:34 **** Auto Build of configuration Debug for project boomberman_app ****
make all 
'Building file: ../src/battle_city.c'
'Invoking: MicroBlaze gcc compiler'
mb-gcc -Wall -O0 -g3 -c -fmessage-length=0 -I../../batle_city_bsp_0/microblaze_0/include -mlittle-endian -mxl-barrel-shift -mxl-pattern-compare -mcpu=v8.50.b -mno-xl-soft-mul -Wl,--no-relax -ffunction-sections -fdata-sections -MMD -MP -MF"src/battle_city.d" -MT"src/battle_city.d" -o "src/battle_city.o" "../src/battle_city.c"
../src/battle_city.c: In function 'place_explosion':
../src/battle_city.c:168:3: warning: implicit declaration of function 'obstacles_detection' [-Wimplicit-function-declaration]
../src/battle_city.c: In function 'random_move_enemy':
../src/battle_city.c:718:2: warning: implicit declaration of function 'rand' [-Wimplicit-function-declaration]
../src/battle_city.c:719:2: warning: passing argument 4 of 'obstacles_detection' from incompatible pointer type [enabled by default]
../src/battle_city.c:311:5: note: expected 'unsigned char *' but argument is of type 'unsigned char (*)[40]'
../src/battle_city.c: In function 'battle_city':
../src/battle_city.c:750:2: warning: passing argument 1 of 'map_reset' from incompatible pointer type [enabled by default]
../src/battle_city.c:301:13: note: expected 'unsigned char *' but argument is of type 'unsigned char (*)[40]'
../src/battle_city.c:788:4: error: 'pom' undeclared (first use in this function)
../src/battle_city.c:788:4: note: each undeclared identifier is reported only once for each function it appears in
../src/battle_city.c:790:27: error: expected expression before ']' token
../src/battle_city.c:799:5: warning: passing argument 1 of 'destroy' from incompatible pointer type [enabled by default]
../src/battle_city.c:518:13: note: expected 'unsigned char *' but argument is of type 'unsigned char (*)[40]'
../src/battle_city.c:813:3: warning: passing argument 1 of 'mario_move' from incompatible pointer type [enabled by default]
../src/battle_city.c:361:15: note: expected 'unsigned char *' but argument is of type 'unsigned char (*)[40]'
../src/battle_city.c:759:6: warning: variable 'bombs_coordinates' set but not used [-Wunused-but-set-variable]
../src/battle_city.c:748:6: warning: unused variable 'mapChange' [-Wunused-variable]
../src/battle_city.c: At top level:
../src/battle_city.c:165:13: warning: 'place_explosion' defined but not used [-Wunused-function]
make: *** [src/battle_city.o] Greška 1
16:36:47 **** Auto Build of configuration Debug for project boomberman_app ****
make all 
'Building file: ../src/battle_city.c'
'Invoking: MicroBlaze gcc compiler'
mb-gcc -Wall -O0 -g3 -c -fmessage-length=0 -I../../batle_city_bsp_0/microblaze_0/include -mlittle-endian -mxl-barrel-shift -mxl-pattern-compare -mcpu=v8.50.b -mno-xl-soft-mul -Wl,--no-relax -ffunction-sections -fdata-sections -MMD -MP -MF"src/battle_city.d" -MT"src/battle_city.d" -o "src/battle_city.o" "../src/battle_city.c"
../src/battle_city.c: In function 'place_explosion':
../src/battle_city.c:168:3: warning: implicit declaration of function 'obstacles_detection' [-Wimplicit-function-declaration]
../src/battle_city.c: In function 'random_move_enemy':
../src/battle_city.c:718:2: warning: implicit declaration of function 'rand' [-Wimplicit-function-declaration]
../src/battle_city.c:719:2: warning: passing argument 4 of 'obstacles_detection' from incompatible pointer type [enabled by default]
../src/battle_city.c:311:5: note: expected 'unsigned char *' but argument is of type 'unsigned char (*)[40]'
../src/battle_city.c: In function 'battle_city':
../src/battle_city.c:750:2: warning: passing argument 1 of 'map_reset' from incompatible pointer type [enabled by default]
../src/battle_city.c:301:13: note: expected 'unsigned char *' but argument is of type 'unsigned char (*)[40]'
../src/battle_city.c:789:34: error: expected expression before ';' token
../src/battle_city.c:790:27: error: expected expression before ']' token
../src/battle_city.c:799:5: warning: passing argument 1 of 'destroy' from incompatible pointer type [enabled by default]
../src/battle_city.c:518:13: note: expected 'unsigned char *' but argument is of type 'unsigned char (*)[40]'
../src/battle_city.c:813:3: warning: passing argument 1 of 'mario_move' from incompatible pointer type [enabled by default]
../src/battle_city.c:361:15: note: expected 'unsigned char *' but argument is of type 'unsigned char (*)[40]'
../src/battle_city.c:759:6: warning: variable 'bombs_coordinates' set but not used [-Wunused-but-set-variable]
../src/battle_city.c:748:6: warning: unused variable 'mapChange' [-Wunused-variable]
../src/battle_city.c: At top level:
../src/battle_city.c:165:13: warning: 'place_explosion' defined but not used [-Wunused-function]
make: *** [src/battle_city.o] Greška 1
16:37:44 **** Auto Build of configuration Debug for project boomberman_app ****
make all 
'Building file: ../src/battle_city.c'
'Invoking: MicroBlaze gcc compiler'
mb-gcc -Wall -O0 -g3 -c -fmessage-length=0 -I../../batle_city_bsp_0/microblaze_0/include -mlittle-endian -mxl-barrel-shift -mxl-pattern-compare -mcpu=v8.50.b -mno-xl-soft-mul -Wl,--no-relax -ffunction-sections -fdata-sections -MMD -MP -MF"src/battle_city.d" -MT"src/battle_city.d" -o "src/battle_city.o" "../src/battle_city.c"
../src/battle_city.c: In function 'place_explosion':
../src/battle_city.c:168:3: warning: implicit declaration of function 'obstacles_detection' [-Wimplicit-function-declaration]
../src/battle_city.c: In function 'random_move_enemy':
../src/battle_city.c:718:2: warning: implicit declaration of function 'rand' [-Wimplicit-function-declaration]
../src/battle_city.c:719:2: warning: passing argument 4 of 'obstacles_detection' from incompatible pointer type [enabled by default]
../src/battle_city.c:311:5: note: expected 'unsigned char *' but argument is of type 'unsigned char (*)[40]'
../src/battle_city.c: In function 'battle_city':
../src/battle_city.c:750:2: warning: passing argument 1 of 'map_reset' from incompatible pointer type [enabled by default]
../src/battle_city.c:301:13: note: expected 'unsigned char *' but argument is of type 'unsigned char (*)[40]'
../src/battle_city.c:801:5: warning: passing argument 1 of 'destroy' from incompatible pointer type [enabled by default]
../src/battle_city.c:518:13: note: expected 'unsigned char *' but argument is of type 'unsigned char (*)[40]'
../src/battle_city.c:815:3: warning: passing argument 1 of 'mario_move' from incompatible pointer type [enabled by default]
../src/battle_city.c:361:15: note: expected 'unsigned char *' but argument is of type 'unsigned char (*)[40]'
../src/battle_city.c:748:6: warning: unused variable 'mapChange' [-Wunused-variable]
../src/battle_city.c: At top level:
../src/battle_city.c:165:13: warning: 'place_explosion' defined but not used [-Wunused-function]
'Finished building: ../src/battle_city.c'
' '
'Building target: boomberman_app.elf'
'Invoking: MicroBlaze gcc linker'
mb-gcc -Wl,-T -Wl,../src/lscript.ld -L../../batle_city_bsp_0/microblaze_0/lib -mlittle-endian -mxl-barrel-shift -mxl-pattern-compare -mcpu=v8.50.b -mno-xl-soft-mul -Wl,--no-relax -Wl,--gc-sections -o "boomberman_app.elf"  ./src/battle_city.o ./src/bitmap.o ./src/main.o ./src/platform.o ./src/tools.o   -Wl,--start-group,-lxil,-lgcc,-lc,--end-group
'Finished building target: boomberman_app.elf'
' '
'Invoking: MicroBlaze Print Size'
mb-size boomberman_app.elf  |tee "boomberman_app.elf.size"
   text	   data	    bss	    dec	    hex	filename
  25004	   5012	   2160	  32176	   7db0	boomberman_app.elf
'Finished building: boomberman_app.elf.size'
' '
'Invoking: Xilinx ELF Check'
elfcheck boomberman_app.elf -hw ../../battle_city_design_hw_platform/system.xml -pe microblaze_0  |tee "boomberman_app.elf.elfcheck"
elfcheck
Xilinx EDK 14.6 Build EDK_P.68d
Copyright (c) 1995-2012 Xilinx, Inc.  All rights reserved.

Command Line: elfcheck -hw ../../battle_city_design_hw_platform/system.xml -pe
microblaze_0 boomberman_app.elf 

ELF file	: boomberman_app.elf
elfcheck passed.
'Finished building: boomberman_app.elf.elfcheck'
' '
16:38:19 **** Auto Build of configuration Debug for project boomberman_app ****
make all 
'Building file: ../src/battle_city.c'
'Invoking: MicroBlaze gcc compiler'
mb-gcc -Wall -O0 -g3 -c -fmessage-length=0 -I../../batle_city_bsp_0/microblaze_0/include -mlittle-endian -mxl-barrel-shift -mxl-pattern-compare -mcpu=v8.50.b -mno-xl-soft-mul -Wl,--no-relax -ffunction-sections -fdata-sections -MMD -MP -MF"src/battle_city.d" -MT"src/battle_city.d" -o "src/battle_city.o" "../src/battle_city.c"
../src/battle_city.c: In function 'place_explosion':
../src/battle_city.c:168:3: warning: implicit declaration of function 'obstacles_detection' [-Wimplicit-function-declaration]
../src/battle_city.c: In function 'random_move_enemy':
../src/battle_city.c:718:2: warning: implicit declaration of function 'rand' [-Wimplicit-function-declaration]
../src/battle_city.c:719:2: warning: passing argument 4 of 'obstacles_detection' from incompatible pointer type [enabled by default]
../src/battle_city.c:311:5: note: expected 'unsigned char *' but argument is of type 'unsigned char (*)[40]'
../src/battle_city.c: In function 'battle_city':
../src/battle_city.c:750:2: warning: passing argument 1 of 'map_reset' from incompatible pointer type [enabled by default]
../src/battle_city.c:301:13: note: expected 'unsigned char *' but argument is of type 'unsigned char (*)[40]'
../src/battle_city.c:789:11: error: 'bombs_active_index' undeclared (first use in this function)
../src/battle_city.c:789:11: note: each undeclared identifier is reported only once for each function it appears in
../src/battle_city.c:801:5: warning: passing argument 1 of 'destroy' from incompatible pointer type [enabled by default]
../src/battle_city.c:518:13: note: expected 'unsigned char *' but argument is of type 'unsigned char (*)[40]'
../src/battle_city.c:815:3: warning: passing argument 1 of 'mario_move' from incompatible pointer type [enabled by default]
../src/battle_city.c:361:15: note: expected 'unsigned char *' but argument is of type 'unsigned char (*)[40]'
../src/battle_city.c:759:31: warning: unused variable 'active_bombs_index' [-Wunused-variable]
../src/battle_city.c:748:6: warning: unused variable 'mapChange' [-Wunused-variable]
../src/battle_city.c: At top level:
../src/battle_city.c:165:13: warning: 'place_explosion' defined but not used [-Wunused-function]
make: *** [src/battle_city.o] Greška 1
16:38:27 **** Auto Build of configuration Debug for project boomberman_app ****
make all 
'Building file: ../src/battle_city.c'
'Invoking: MicroBlaze gcc compiler'
mb-gcc -Wall -O0 -g3 -c -fmessage-length=0 -I../../batle_city_bsp_0/microblaze_0/include -mlittle-endian -mxl-barrel-shift -mxl-pattern-compare -mcpu=v8.50.b -mno-xl-soft-mul -Wl,--no-relax -ffunction-sections -fdata-sections -MMD -MP -MF"src/battle_city.d" -MT"src/battle_city.d" -o "src/battle_city.o" "../src/battle_city.c"
../src/battle_city.c: In function 'place_explosion':
../src/battle_city.c:168:3: warning: implicit declaration of function 'obstacles_detection' [-Wimplicit-function-declaration]
../src/battle_city.c: In function 'random_move_enemy':
../src/battle_city.c:718:2: warning: implicit declaration of function 'rand' [-Wimplicit-function-declaration]
../src/battle_city.c:719:2: warning: passing argument 4 of 'obstacles_detection' from incompatible pointer type [enabled by default]
../src/battle_city.c:311:5: note: expected 'unsigned char *' but argument is of type 'unsigned char (*)[40]'
../src/battle_city.c: In function 'battle_city':
../src/battle_city.c:750:2: warning: passing argument 1 of 'map_reset' from incompatible pointer type [enabled by default]
../src/battle_city.c:301:13: note: expected 'unsigned char *' but argument is of type 'unsigned char (*)[40]'
../src/battle_city.c:789:11: error: 'bombs_active_index' undeclared (first use in this function)
../src/battle_city.c:789:11: note: each undeclared identifier is reported only once for each function it appears in
../src/battle_city.c:801:5: warning: passing argument 1 of 'destroy' from incompatible pointer type [enabled by default]
../src/battle_city.c:518:13: note: expected 'unsigned char *' but argument is of type 'unsigned char (*)[40]'
../src/battle_city.c:815:3: warning: passing argument 1 of 'mario_move' from incompatible pointer type [enabled by default]
../src/battle_city.c:361:15: note: expected 'unsigned char *' but argument is of type 'unsigned char (*)[40]'
../src/battle_city.c:759:51: warning: unused variable 'exploding_bombs_index' [-Wunused-variable]
../src/battle_city.c:759:31: warning: unused variable 'active_bombs_index' [-Wunused-variable]
../src/battle_city.c:748:6: warning: unused variable 'mapChange' [-Wunused-variable]
../src/battle_city.c: At top level:
../src/battle_city.c:165:13: warning: 'place_explosion' defined but not used [-Wunused-function]
make: *** [src/battle_city.o] Greška 1
16:38:30 **** Auto Build of configuration Debug for project boomberman_app ****
make all 
'Building file: ../src/battle_city.c'
'Invoking: MicroBlaze gcc compiler'
mb-gcc -Wall -O0 -g3 -c -fmessage-length=0 -I../../batle_city_bsp_0/microblaze_0/include -mlittle-endian -mxl-barrel-shift -mxl-pattern-compare -mcpu=v8.50.b -mno-xl-soft-mul -Wl,--no-relax -ffunction-sections -fdata-sections -MMD -MP -MF"src/battle_city.d" -MT"src/battle_city.d" -o "src/battle_city.o" "../src/battle_city.c"
../src/battle_city.c: In function 'place_explosion':
../src/battle_city.c:168:3: warning: implicit declaration of function 'obstacles_detection' [-Wimplicit-function-declaration]
../src/battle_city.c: In function 'random_move_enemy':
../src/battle_city.c:718:2: warning: implicit declaration of function 'rand' [-Wimplicit-function-declaration]
../src/battle_city.c:719:2: warning: passing argument 4 of 'obstacles_detection' from incompatible pointer type [enabled by default]
../src/battle_city.c:311:5: note: expected 'unsigned char *' but argument is of type 'unsigned char (*)[40]'
../src/battle_city.c: In function 'battle_city':
../src/battle_city.c:750:2: warning: passing argument 1 of 'map_reset' from incompatible pointer type [enabled by default]
../src/battle_city.c:301:13: note: expected 'unsigned char *' but argument is of type 'unsigned char (*)[40]'
../src/battle_city.c:789:11: error: 'bombs_active_index' undeclared (first use in this function)
../src/battle_city.c:789:11: note: each undeclared identifier is reported only once for each function it appears in
../src/battle_city.c:801:5: warning: passing argument 1 of 'destroy' from incompatible pointer type [enabled by default]
../src/battle_city.c:518:13: note: expected 'unsigned char *' but argument is of type 'unsigned char (*)[40]'
../src/battle_city.c:815:3: warning: passing argument 1 of 'mario_move' from incompatible pointer type [enabled by default]
../src/battle_city.c:361:15: note: expected 'unsigned char *' but argument is of type 'unsigned char (*)[40]'
../src/battle_city.c:759:55: warning: unused variable 'exploding_bombs_index' [-Wunused-variable]
../src/battle_city.c:759:31: warning: unused variable 'active_bombs_index' [-Wunused-variable]
../src/battle_city.c:748:6: warning: unused variable 'mapChange' [-Wunused-variable]
../src/battle_city.c: At top level:
../src/battle_city.c:165:13: warning: 'place_explosion' defined but not used [-Wunused-function]
make: *** [src/battle_city.o] Greška 1
16:39:03 **** Auto Build of configuration Debug for project boomberman_app ****
make all 
'Building file: ../src/battle_city.c'
'Invoking: MicroBlaze gcc compiler'
mb-gcc -Wall -O0 -g3 -c -fmessage-length=0 -I../../batle_city_bsp_0/microblaze_0/include -mlittle-endian -mxl-barrel-shift -mxl-pattern-compare -mcpu=v8.50.b -mno-xl-soft-mul -Wl,--no-relax -ffunction-sections -fdata-sections -MMD -MP -MF"src/battle_city.d" -MT"src/battle_city.d" -o "src/battle_city.o" "../src/battle_city.c"
../src/battle_city.c: In function 'place_explosion':
../src/battle_city.c:168:3: warning: implicit declaration of function 'obstacles_detection' [-Wimplicit-function-declaration]
../src/battle_city.c: In function 'random_move_enemy':
../src/battle_city.c:718:2: warning: implicit declaration of function 'rand' [-Wimplicit-function-declaration]
../src/battle_city.c:719:2: warning: passing argument 4 of 'obstacles_detection' from incompatible pointer type [enabled by default]
../src/battle_city.c:311:5: note: expected 'unsigned char *' but argument is of type 'unsigned char (*)[40]'
../src/battle_city.c: In function 'battle_city':
../src/battle_city.c:750:2: warning: passing argument 1 of 'map_reset' from incompatible pointer type [enabled by default]
../src/battle_city.c:301:13: note: expected 'unsigned char *' but argument is of type 'unsigned char (*)[40]'
../src/battle_city.c:802:5: warning: passing argument 1 of 'destroy' from incompatible pointer type [enabled by default]
../src/battle_city.c:518:13: note: expected 'unsigned char *' but argument is of type 'unsigned char (*)[40]'
../src/battle_city.c:816:3: warning: passing argument 1 of 'mario_move' from incompatible pointer type [enabled by default]
../src/battle_city.c:361:15: note: expected 'unsigned char *' but argument is of type 'unsigned char (*)[40]'
../src/battle_city.c:748:6: warning: unused variable 'mapChange' [-Wunused-variable]
../src/battle_city.c: At top level:
../src/battle_city.c:165:13: warning: 'place_explosion' defined but not used [-Wunused-function]
'Finished building: ../src/battle_city.c'
' '
'Building target: boomberman_app.elf'
'Invoking: MicroBlaze gcc linker'
mb-gcc -Wl,-T -Wl,../src/lscript.ld -L../../batle_city_bsp_0/microblaze_0/lib -mlittle-endian -mxl-barrel-shift -mxl-pattern-compare -mcpu=v8.50.b -mno-xl-soft-mul -Wl,--no-relax -Wl,--gc-sections -o "boomberman_app.elf"  ./src/battle_city.o ./src/bitmap.o ./src/main.o ./src/platform.o ./src/tools.o   -Wl,--start-group,-lxil,-lgcc,-lc,--end-group
'Finished building target: boomberman_app.elf'
' '
'Invoking: MicroBlaze Print Size'
mb-size boomberman_app.elf  |tee "boomberman_app.elf.size"
   text	   data	    bss	    dec	    hex	filename
  25052	   5012	   2160	  32224	   7de0	boomberman_app.elf
'Finished building: boomberman_app.elf.size'
' '
'Invoking: Xilinx ELF Check'
elfcheck boomberman_app.elf -hw ../../battle_city_design_hw_platform/system.xml -pe microblaze_0  |tee "boomberman_app.elf.elfcheck"
elfcheck
Xilinx EDK 14.6 Build EDK_P.68d
Copyright (c) 1995-2012 Xilinx, Inc.  All rights reserved.

Command Line: elfcheck -hw ../../battle_city_design_hw_platform/system.xml -pe
microblaze_0 boomberman_app.elf 

ELF file	: boomberman_app.elf
elfcheck passed.
'Finished building: boomberman_app.elf.elfcheck'
' '
16:39:42 **** Auto Build of configuration Debug for project boomberman_app ****
make all 
'Building file: ../src/battle_city.c'
'Invoking: MicroBlaze gcc compiler'
mb-gcc -Wall -O0 -g3 -c -fmessage-length=0 -I../../batle_city_bsp_0/microblaze_0/include -mlittle-endian -mxl-barrel-shift -mxl-pattern-compare -mcpu=v8.50.b -mno-xl-soft-mul -Wl,--no-relax -ffunction-sections -fdata-sections -MMD -MP -MF"src/battle_city.d" -MT"src/battle_city.d" -o "src/battle_city.o" "../src/battle_city.c"
../src/battle_city.c: In function 'place_explosion':
../src/battle_city.c:168:3: warning: implicit declaration of function 'obstacles_detection' [-Wimplicit-function-declaration]
../src/battle_city.c: In function 'random_move_enemy':
../src/battle_city.c:718:2: warning: implicit declaration of function 'rand' [-Wimplicit-function-declaration]
../src/battle_city.c:719:2: warning: passing argument 4 of 'obstacles_detection' from incompatible pointer type [enabled by default]
../src/battle_city.c:311:5: note: expected 'unsigned char *' but argument is of type 'unsigned char (*)[40]'
../src/battle_city.c: In function 'battle_city':
../src/battle_city.c:750:2: warning: passing argument 1 of 'map_reset' from incompatible pointer type [enabled by default]
../src/battle_city.c:301:13: note: expected 'unsigned char *' but argument is of type 'unsigned char (*)[40]'
../src/battle_city.c:802:5: warning: passing argument 1 of 'destroy' from incompatible pointer type [enabled by default]
../src/battle_city.c:518:13: note: expected 'unsigned char *' but argument is of type 'unsigned char (*)[40]'
../src/battle_city.c:816:3: warning: passing argument 1 of 'mario_move' from incompatible pointer type [enabled by default]
../src/battle_city.c:361:15: note: expected 'unsigned char *' but argument is of type 'unsigned char (*)[40]'
../src/battle_city.c:748:6: warning: unused variable 'mapChange' [-Wunused-variable]
../src/battle_city.c: At top level:
../src/battle_city.c:165:13: warning: 'place_explosion' defined but not used [-Wunused-function]
'Finished building: ../src/battle_city.c'
' '
'Building target: boomberman_app.elf'
'Invoking: MicroBlaze gcc linker'
mb-gcc -Wl,-T -Wl,../src/lscript.ld -L../../batle_city_bsp_0/microblaze_0/lib -mlittle-endian -mxl-barrel-shift -mxl-pattern-compare -mcpu=v8.50.b -mno-xl-soft-mul -Wl,--no-relax -Wl,--gc-sections -o "boomberman_app.elf"  ./src/battle_city.o ./src/bitmap.o ./src/main.o ./src/platform.o ./src/tools.o   -Wl,--start-group,-lxil,-lgcc,-lc,--end-group
'Finished building target: boomberman_app.elf'
' '
'Invoking: MicroBlaze Print Size'
mb-size boomberman_app.elf  |tee "boomberman_app.elf.size"
   text	   data	    bss	    dec	    hex	filename
  25092	   5012	   2160	  32264	   7e08	boomberman_app.elf
'Finished building: boomberman_app.elf.size'
' '
'Invoking: Xilinx ELF Check'
elfcheck boomberman_app.elf -hw ../../battle_city_design_hw_platform/system.xml -pe microblaze_0  |tee "boomberman_app.elf.elfcheck"
elfcheck
Xilinx EDK 14.6 Build EDK_P.68d
Copyright (c) 1995-2012 Xilinx, Inc.  All rights reserved.

Command Line: elfcheck -hw ../../battle_city_design_hw_platform/system.xml -pe
microblaze_0 boomberman_app.elf 

ELF file	: boomberman_app.elf
elfcheck passed.
'Finished building: boomberman_app.elf.elfcheck'
' '
16:40:32 **** Auto Build of configuration Debug for project boomberman_app ****
make all 
'Building file: ../src/battle_city.c'
'Invoking: MicroBlaze gcc compiler'
mb-gcc -Wall -O0 -g3 -c -fmessage-length=0 -I../../batle_city_bsp_0/microblaze_0/include -mlittle-endian -mxl-barrel-shift -mxl-pattern-compare -mcpu=v8.50.b -mno-xl-soft-mul -Wl,--no-relax -ffunction-sections -fdata-sections -MMD -MP -MF"src/battle_city.d" -MT"src/battle_city.d" -o "src/battle_city.o" "../src/battle_city.c"
../src/battle_city.c: In function 'place_explosion':
../src/battle_city.c:168:3: warning: implicit declaration of function 'obstacles_detection' [-Wimplicit-function-declaration]
../src/battle_city.c: In function 'random_move_enemy':
../src/battle_city.c:718:2: warning: implicit declaration of function 'rand' [-Wimplicit-function-declaration]
../src/battle_city.c:719:2: warning: passing argument 4 of 'obstacles_detection' from incompatible pointer type [enabled by default]
../src/battle_city.c:311:5: note: expected 'unsigned char *' but argument is of type 'unsigned char (*)[40]'
../src/battle_city.c: In function 'battle_city':
../src/battle_city.c:750:2: warning: passing argument 1 of 'map_reset' from incompatible pointer type [enabled by default]
../src/battle_city.c:301:13: note: expected 'unsigned char *' but argument is of type 'unsigned char (*)[40]'
../src/battle_city.c:802:5: warning: passing argument 1 of 'destroy' from incompatible pointer type [enabled by default]
../src/battle_city.c:518:13: note: expected 'unsigned char *' but argument is of type 'unsigned char (*)[40]'
../src/battle_city.c:816:3: warning: passing argument 1 of 'mario_move' from incompatible pointer type [enabled by default]
../src/battle_city.c:361:15: note: expected 'unsigned char *' but argument is of type 'unsigned char (*)[40]'
../src/battle_city.c:760:6: warning: unused variable 'bombs_tick_counter' [-Wunused-variable]
../src/battle_city.c:748:6: warning: unused variable 'mapChange' [-Wunused-variable]
../src/battle_city.c: At top level:
../src/battle_city.c:165:13: warning: 'place_explosion' defined but not used [-Wunused-function]
'Finished building: ../src/battle_city.c'
' '
'Building target: boomberman_app.elf'
'Invoking: MicroBlaze gcc linker'
mb-gcc -Wl,-T -Wl,../src/lscript.ld -L../../batle_city_bsp_0/microblaze_0/lib -mlittle-endian -mxl-barrel-shift -mxl-pattern-compare -mcpu=v8.50.b -mno-xl-soft-mul -Wl,--no-relax -Wl,--gc-sections -o "boomberman_app.elf"  ./src/battle_city.o ./src/bitmap.o ./src/main.o ./src/platform.o ./src/tools.o   -Wl,--start-group,-lxil,-lgcc,-lc,--end-group
'Finished building target: boomberman_app.elf'
' '
'Invoking: MicroBlaze Print Size'
mb-size boomberman_app.elf  |tee "boomberman_app.elf.size"
   text	   data	    bss	    dec	    hex	filename
  25084	   5012	   2160	  32256	   7e00	boomberman_app.elf
'Finished building: boomberman_app.elf.size'
' '
'Invoking: Xilinx ELF Check'
elfcheck boomberman_app.elf -hw ../../battle_city_design_hw_platform/system.xml -pe microblaze_0  |tee "boomberman_app.elf.elfcheck"
elfcheck
Xilinx EDK 14.6 Build EDK_P.68d
Copyright (c) 1995-2012 Xilinx, Inc.  All rights reserved.

Command Line: elfcheck -hw ../../battle_city_design_hw_platform/system.xml -pe
microblaze_0 boomberman_app.elf 

ELF file	: boomberman_app.elf
elfcheck passed.
'Finished building: boomberman_app.elf.elfcheck'
' '
09:46:15 **** Auto Build of project batle_city_bsp_0 ****
make -k all 
libgen -hw ../battle_city_design_hw_platform/system.xml\
	       \
	       -pe microblaze_0 \
	       -log libgen.log \
	       system.mss
libgen
Xilinx EDK 14.6 Build EDK_P.68d
Copyright (c) 1995-2012 Xilinx, Inc.  All rights reserved.

Command Line: libgen -hw ../battle_city_design_hw_platform/system.xml -pe
microblaze_0 -log libgen.log system.mss 


Staging source files.
Running DRCs.
Running generate.
Running post_generate.
Running include - 'make -s include "COMPILER=mb-gcc" "ARCHIVER=mb-ar"
"COMPILER_FLAGS=-mlittle-endian -mno-xl-soft-mul -mxl-barrel-shift
-mxl-pattern-compare -mcpu=v8.50.b  -O2 -c" "EXTRA_COMPILER_FLAGS=-g
-ffunction-sections -fdata-sections"'.

Running libs - 'make -s libs "COMPILER=mb-gcc" "ARCHIVER=mb-ar"
"COMPILER_FLAGS=-mlittle-endian -mno-xl-soft-mul -mxl-barrel-shift
-mxl-pattern-compare -mcpu=v8.50.b  -O2 -c" "EXTRA_COMPILER_FLAGS=-g
-ffunction-sections -fdata-sections"'.
"Compiling common"
"Compiling standalone";
"Compiling uartlite"
"Compiling gpio"
"Compiling bram"
"Compiling cpu"
Running execs_generate.
'Finished building libraries'
09:46:28 **** Clean-only build of project batle_city_bsp_0 ****
make -k clean 
rm -rf microblaze_0
09:46:29 **** Clean-only build of configuration Debug for project Boomberman ****
make clean 
Cannot run program "make": The directory name is invalid.

09:46:29 **** Clean-only build of configuration Debug for project bomberman_app1 ****
make clean 
Cannot run program "make": The directory name is invalid.

09:46:29 **** Clean-only build of configuration Debug for project boomberman_app ****
make clean 
Cannot run program "make": The directory name is invalid.

09:46:29 **** Build of project batle_city_bsp_0 ****
make -k all 
libgen -hw ../battle_city_design_hw_platform/system.xml\
	       \
	       -pe microblaze_0 \
	       -log libgen.log \
	       system.mss
libgen
Xilinx EDK 14.6 Build EDK_P.68d
Copyright (c) 1995-2012 Xilinx, Inc.  All rights reserved.

Command Line: libgen -hw ../battle_city_design_hw_platform/system.xml -pe
microblaze_0 -log libgen.log system.mss 


Staging source files.
Running DRCs.
Running generate.
Running post_generate.
Running include - 'make -s include "COMPILER=mb-gcc" "ARCHIVER=mb-ar"
"COMPILER_FLAGS=-mlittle-endian -mno-xl-soft-mul -mxl-barrel-shift
-mxl-pattern-compare -mcpu=v8.50.b  -O2 -c" "EXTRA_COMPILER_FLAGS=-g
-ffunction-sections -fdata-sections"'.

Running libs - 'make -s libs "COMPILER=mb-gcc" "ARCHIVER=mb-ar"
"COMPILER_FLAGS=-mlittle-endian -mno-xl-soft-mul -mxl-barrel-shift
-mxl-pattern-compare -mcpu=v8.50.b  -O2 -c" "EXTRA_COMPILER_FLAGS=-g
-ffunction-sections -fdata-sections"'.
"Compiling common"
"Compiling standalone";
"Compiling uartlite"
"Compiling gpio"
"Compiling bram"
"Compiling cpu"
Running execs_generate.
'Finished building libraries'
09:47:47 **** Auto Build of configuration Debug for project boomberman_app ****
make all 
'Building file: ../src/battle_city.c'
'Invoking: MicroBlaze gcc compiler'
mb-gcc -Wall -O0 -g3 -c -fmessage-length=0 -I../../batle_city_bsp_0/microblaze_0/include -mlittle-endian -mxl-barrel-shift -mxl-pattern-compare -mcpu=v8.50.b -mno-xl-soft-mul -Wl,--no-relax -ffunction-sections -fdata-sections -MMD -MP -MF"src/battle_city.d" -MT"src/battle_city.d" -o "src/battle_city.o" "../src/battle_city.c"
../src/battle_city.c: In function 'check_and_move_enemies':
../src/battle_city.c:616:3: warning: implicit declaration of function 'rand' [-Wimplicit-function-declaration]
'Finished building: ../src/battle_city.c'
' '
make: *** Nema propisa za izradu mete `src/bitmap.o', kojeg traži `boomberman_app.elf'.  Zaustavi.
09:48:17 **** Auto Build of configuration Debug for project boomberman_app ****
make all 
'Building file: ../src/main.c'
'Invoking: MicroBlaze gcc compiler'
mb-gcc -Wall -O0 -g3 -c -fmessage-length=0 -I../../batle_city_bsp_0/microblaze_0/include -mlittle-endian -mxl-barrel-shift -mxl-pattern-compare -mcpu=v8.50.b -mno-xl-soft-mul -Wl,--no-relax -ffunction-sections -fdata-sections -MMD -MP -MF"src/main.d" -MT"src/main.d" -o "src/main.o" "../src/main.c"
'Finished building: ../src/main.c'
' '
'Building file: ../src/main_menu.c'
'Invoking: MicroBlaze gcc compiler'
mb-gcc -Wall -O0 -g3 -c -fmessage-length=0 -I../../batle_city_bsp_0/microblaze_0/include -mlittle-endian -mxl-barrel-shift -mxl-pattern-compare -mcpu=v8.50.b -mno-xl-soft-mul -Wl,--no-relax -ffunction-sections -fdata-sections -MMD -MP -MF"src/main_menu.d" -MT"src/main_menu.d" -o "src/main_menu.o" "../src/main_menu.c"
'Finished building: ../src/main_menu.c'
' '
'Building file: ../src/maps.c'
'Invoking: MicroBlaze gcc compiler'
mb-gcc -Wall -O0 -g3 -c -fmessage-length=0 -I../../batle_city_bsp_0/microblaze_0/include -mlittle-endian -mxl-barrel-shift -mxl-pattern-compare -mcpu=v8.50.b -mno-xl-soft-mul -Wl,--no-relax -ffunction-sections -fdata-sections -MMD -MP -MF"src/maps.d" -MT"src/maps.d" -o "src/maps.o" "../src/maps.c"
'Finished building: ../src/maps.c'
' '
'Building file: ../src/platform.c'
'Invoking: MicroBlaze gcc compiler'
mb-gcc -Wall -O0 -g3 -c -fmessage-length=0 -I../../batle_city_bsp_0/microblaze_0/include -mlittle-endian -mxl-barrel-shift -mxl-pattern-compare -mcpu=v8.50.b -mno-xl-soft-mul -Wl,--no-relax -ffunction-sections -fdata-sections -MMD -MP -MF"src/platform.d" -MT"src/platform.d" -o "src/platform.o" "../src/platform.c"
'Finished building: ../src/platform.c'
' '
'Building target: boomberman_app.elf'
'Invoking: MicroBlaze gcc linker'
mb-gcc -Wl,-T -Wl,../src/lscript.ld -L../../batle_city_bsp_0/microblaze_0/lib -mlittle-endian -mxl-barrel-shift -mxl-pattern-compare -mcpu=v8.50.b -mno-xl-soft-mul -Wl,--no-relax -Wl,--gc-sections -o "boomberman_app.elf"  ./src/battle_city.o ./src/main.o ./src/main_menu.o ./src/maps.o ./src/platform.o   
'Finished building target: boomberman_app.elf'
' '
'Invoking: MicroBlaze Print Size'
mb-size boomberman_app.elf  |tee "boomberman_app.elf.size"
   text	   data	    bss	    dec	    hex	filename
  15828	   4968	   2156	  22952	   59a8	boomberman_app.elf
'Finished building: boomberman_app.elf.size'
' '
'Invoking: Xilinx ELF Check'
elfcheck boomberman_app.elf -hw ../../battle_city_design_hw_platform/system.xml -pe microblaze_0  |tee "boomberman_app.elf.elfcheck"
elfcheck
Xilinx EDK 14.6 Build EDK_P.68d
Copyright (c) 1995-2012 Xilinx, Inc.  All rights reserved.

Command Line: elfcheck -hw ../../battle_city_design_hw_platform/system.xml -pe
microblaze_0 boomberman_app.elf 

ELF file	: boomberman_app.elf
elfcheck passed.
'Finished building: boomberman_app.elf.elfcheck'
' '
09:48:48 **** Auto Build of configuration Debug for project boomberman_app ****
make all 
make: Ništa za napraviti za `all'.
09:48:54 **** Auto Build of configuration Debug for project boomberman_app ****
make all 
'Building file: ../src/maps.c'
'Invoking: MicroBlaze gcc compiler'
mb-gcc -Wall -O0 -g3 -c -fmessage-length=0 -I../../batle_city_bsp_0/microblaze_0/include -mlittle-endian -mxl-barrel-shift -mxl-pattern-compare -mcpu=v8.50.b -mno-xl-soft-mul -Wl,--no-relax -ffunction-sections -fdata-sections -MMD -MP -MF"src/maps.d" -MT"src/maps.d" -o "src/maps.o" "../src/maps.c"
'Finished building: ../src/maps.c'
' '
'Building target: boomberman_app.elf'
'Invoking: MicroBlaze gcc linker'
mb-gcc -Wl,-T -Wl,../src/lscript.ld -L../../batle_city_bsp_0/microblaze_0/lib -mlittle-endian -mxl-barrel-shift -mxl-pattern-compare -mcpu=v8.50.b -mno-xl-soft-mul -Wl,--no-relax -Wl,--gc-sections -o "boomberman_app.elf"  ./src/battle_city.o ./src/main.o ./src/main_menu.o ./src/maps.o ./src/platform.o   
./src/maps.o:(.bss.map+0x0): multiple definition of `map'
./src/battle_city.o:(.bss.map+0x0): first defined here
./src/maps.o:(.data.map_game_over+0x0): multiple definition of `map_game_over'
./src/battle_city.o:(.data.map_game_over+0x0): first defined here
./src/maps.o:(.data.map_win+0x0): multiple definition of `map_win'
./src/battle_city.o:(.data.map_win+0x0): first defined here
./src/maps.o:(.data.map_main_menu+0x0): multiple definition of `map_main_menu'
./src/battle_city.o:(.data.map_main_menu+0x0): first defined here
./src/maps.o:(.data.map1+0x0): multiple definition of `map1'
./src/battle_city.o:(.data.map1+0x0): first defined here
collect2: ld returned 1 exit status
make: *** [boomberman_app.elf] Greška 1
09:49:29 **** Auto Build of configuration Debug for project boomberman_app ****
make all 
'Building file: ../src/maps.c'
'Invoking: MicroBlaze gcc compiler'
mb-gcc -Wall -O0 -g3 -c -fmessage-length=0 -I../../batle_city_bsp_0/microblaze_0/include -mlittle-endian -mxl-barrel-shift -mxl-pattern-compare -mcpu=v8.50.b -mno-xl-soft-mul -Wl,--no-relax -ffunction-sections -fdata-sections -MMD -MP -MF"src/maps.d" -MT"src/maps.d" -o "src/maps.o" "../src/maps.c"
../src/maps.c:3:15: error: redefinition of 'map_game_over'
../src/maps.h:19:15: note: previous definition of 'map_game_over' was here
../src/maps.c:36:15: error: redefinition of 'map_win'
../src/maps.h:53:15: note: previous definition of 'map_win' was here
../src/maps.c:69:15: error: redefinition of 'map_main_menu'
../src/maps.h:86:15: note: previous definition of 'map_main_menu' was here
../src/maps.c:111:15: error: redefinition of 'map1'
../src/maps.h:128:15: note: previous definition of 'map1' was here
make: *** [src/maps.o] Greška 1
09:49:44 **** Auto Build of configuration Debug for project boomberman_app ****
make all 
'Building file: ../src/maps.c'
'Invoking: MicroBlaze gcc compiler'
mb-gcc -Wall -O0 -g3 -c -fmessage-length=0 -I../../batle_city_bsp_0/microblaze_0/include -mlittle-endian -mxl-barrel-shift -mxl-pattern-compare -mcpu=v8.50.b -mno-xl-soft-mul -Wl,--no-relax -ffunction-sections -fdata-sections -MMD -MP -MF"src/maps.d" -MT"src/maps.d" -o "src/maps.o" "../src/maps.c"
../src/maps.c:36:15: error: redefinition of 'map_win'
../src/maps.h:22:15: note: previous definition of 'map_win' was here
../src/maps.c:69:15: error: redefinition of 'map_main_menu'
../src/maps.h:55:15: note: previous definition of 'map_main_menu' was here
../src/maps.c:111:15: error: redefinition of 'map1'
../src/maps.h:97:15: note: previous definition of 'map1' was here
make: *** [src/maps.o] Greška 1
09:49:47 **** Auto Build of configuration Debug for project boomberman_app ****
make all 
'Building file: ../src/maps.c'
'Invoking: MicroBlaze gcc compiler'
mb-gcc -Wall -O0 -g3 -c -fmessage-length=0 -I../../batle_city_bsp_0/microblaze_0/include -mlittle-endian -mxl-barrel-shift -mxl-pattern-compare -mcpu=v8.50.b -mno-xl-soft-mul -Wl,--no-relax -ffunction-sections -fdata-sections -MMD -MP -MF"src/maps.d" -MT"src/maps.d" -o "src/maps.o" "../src/maps.c"
In file included from ../src/maps.c:1:0:
../src/maps.h:14:24: warning: 'map' initialized and declared 'extern' [enabled by default]
../src/maps.c:36:15: error: redefinition of 'map_win'
../src/maps.h:22:15: note: previous definition of 'map_win' was here
../src/maps.c:69:15: error: redefinition of 'map_main_menu'
../src/maps.h:55:15: note: previous definition of 'map_main_menu' was here
../src/maps.c:111:15: error: redefinition of 'map1'
../src/maps.h:97:15: note: previous definition of 'map1' was here
make: *** [src/maps.o] Greška 1
09:50:10 **** Auto Build of configuration Debug for project boomberman_app ****
make all 
'Building file: ../src/maps.c'
'Invoking: MicroBlaze gcc compiler'
mb-gcc -Wall -O0 -g3 -c -fmessage-length=0 -I../../batle_city_bsp_0/microblaze_0/include -mlittle-endian -mxl-barrel-shift -mxl-pattern-compare -mcpu=v8.50.b -mno-xl-soft-mul -Wl,--no-relax -ffunction-sections -fdata-sections -MMD -MP -MF"src/maps.d" -MT"src/maps.d" -o "src/maps.o" "../src/maps.c"
In file included from ../src/maps.c:1:0:
../src/maps.h:14:24: warning: 'map' initialized and declared 'extern' [enabled by default]
In file included from ../src/maps.c:1:0:
../src/maps.h:23:22: warning: 'map_main_menu' initialized and declared 'extern' [enabled by default]
../src/maps.c:69:15: error: redefinition of 'map_main_menu'
../src/maps.h:23:22: note: previous definition of 'map_main_menu' was here
../src/maps.c:111:15: error: redefinition of 'map1'
../src/maps.h:65:15: note: previous definition of 'map1' was here
make: *** [src/maps.o] Greška 1
09:50:31 **** Auto Build of configuration Debug for project boomberman_app ****
make all 
'Building file: ../src/maps.c'
'Invoking: MicroBlaze gcc compiler'
mb-gcc -Wall -O0 -g3 -c -fmessage-length=0 -I../../batle_city_bsp_0/microblaze_0/include -mlittle-endian -mxl-barrel-shift -mxl-pattern-compare -mcpu=v8.50.b -mno-xl-soft-mul -Wl,--no-relax -ffunction-sections -fdata-sections -MMD -MP -MF"src/maps.d" -MT"src/maps.d" -o "src/maps.o" "../src/maps.c"
In file included from ../src/maps.c:1:0:
../src/maps.h:14:24: warning: 'map' initialized and declared 'extern' [enabled by default]
In file included from ../src/maps.c:1:0:
../src/maps.h:25:22: warning: 'map1' initialized and declared 'extern' [enabled by default]
../src/maps.c:111:15: error: redefinition of 'map1'
../src/maps.h:25:22: note: previous definition of 'map1' was here
make: *** [src/maps.o] Greška 1
09:50:43 **** Auto Build of configuration Debug for project boomberman_app ****
make all 
'Building file: ../src/maps.c'
'Invoking: MicroBlaze gcc compiler'
mb-gcc -Wall -O0 -g3 -c -fmessage-length=0 -I../../batle_city_bsp_0/microblaze_0/include -mlittle-endian -mxl-barrel-shift -mxl-pattern-compare -mcpu=v8.50.b -mno-xl-soft-mul -Wl,--no-relax -ffunction-sections -fdata-sections -MMD -MP -MF"src/maps.d" -MT"src/maps.d" -o "src/maps.o" "../src/maps.c"
In file included from ../src/maps.c:1:0:
../src/maps.h:14:24: warning: 'map' initialized and declared 'extern' [enabled by default]
In file included from ../src/maps.c:1:0:
../src/maps.h:25:2: error: expected identifier or '(' before '=' token
make: *** [src/maps.o] Greška 1
09:50:49 **** Auto Build of configuration Debug for project boomberman_app ****
make all 
'Building file: ../src/maps.c'
'Invoking: MicroBlaze gcc compiler'
mb-gcc -Wall -O0 -g3 -c -fmessage-length=0 -I../../batle_city_bsp_0/microblaze_0/include -mlittle-endian -mxl-barrel-shift -mxl-pattern-compare -mcpu=v8.50.b -mno-xl-soft-mul -Wl,--no-relax -ffunction-sections -fdata-sections -MMD -MP -MF"src/maps.d" -MT"src/maps.d" -o "src/maps.o" "../src/maps.c"
In file included from ../src/maps.c:1:0:
../src/maps.h:14:24: warning: 'map' initialized and declared 'extern' [enabled by default]
'Finished building: ../src/maps.c'
' '
'Building target: boomberman_app.elf'
'Invoking: MicroBlaze gcc linker'
mb-gcc -Wl,-T -Wl,../src/lscript.ld -L../../batle_city_bsp_0/microblaze_0/lib -mlittle-endian -mxl-barrel-shift -mxl-pattern-compare -mcpu=v8.50.b -mno-xl-soft-mul -Wl,--no-relax -Wl,--gc-sections -o "boomberman_app.elf"  ./src/battle_city.o ./src/main.o ./src/main_menu.o ./src/maps.o ./src/platform.o   
./src/maps.o:(.bss.map+0x0): multiple definition of `map'
./src/battle_city.o:(.bss.map+0x0): first defined here
./src/maps.o:(.data.map_game_over+0x0): multiple definition of `map_game_over'
./src/battle_city.o:(.data.map_game_over+0x0): first defined here
./src/maps.o:(.data.map_win+0x0): multiple definition of `map_win'
./src/battle_city.o:(.data.map_win+0x0): first defined here
./src/maps.o:(.data.map_main_menu+0x0): multiple definition of `map_main_menu'
./src/battle_city.o:(.data.map_main_menu+0x0): first defined here
./src/maps.o:(.data.map1+0x0): multiple definition of `map1'
./src/battle_city.o:(.data.map1+0x0): first defined here
collect2: ld returned 1 exit status
make: *** [boomberman_app.elf] Greška 1
09:50:56 **** Auto Build of configuration Debug for project boomberman_app ****
make all 
'Building target: boomberman_app.elf'
'Invoking: MicroBlaze gcc linker'
mb-gcc -Wl,-T -Wl,../src/lscript.ld -L../../batle_city_bsp_0/microblaze_0/lib -mlittle-endian -mxl-barrel-shift -mxl-pattern-compare -mcpu=v8.50.b -mno-xl-soft-mul -Wl,--no-relax -Wl,--gc-sections -o "boomberman_app.elf"  ./src/battle_city.o ./src/main.o ./src/main_menu.o ./src/maps.o ./src/platform.o   
./src/maps.o:(.bss.map+0x0): multiple definition of `map'
./src/battle_city.o:(.bss.map+0x0): first defined here
./src/maps.o:(.data.map_game_over+0x0): multiple definition of `map_game_over'
./src/battle_city.o:(.data.map_game_over+0x0): first defined here
./src/maps.o:(.data.map_win+0x0): multiple definition of `map_win'
./src/battle_city.o:(.data.map_win+0x0): first defined here
./src/maps.o:(.data.map_main_menu+0x0): multiple definition of `map_main_menu'
./src/battle_city.o:(.data.map_main_menu+0x0): first defined here
./src/maps.o:(.data.map1+0x0): multiple definition of `map1'
./src/battle_city.o:(.data.map1+0x0): first defined here
collect2: ld returned 1 exit status
make: *** [boomberman_app.elf] Greška 1
09:52:15 **** Auto Build of configuration Debug for project boomberman_app ****
make all 
'Building file: ../src/battle_city.c'
'Invoking: MicroBlaze gcc compiler'
mb-gcc -Wall -O0 -g3 -c -fmessage-length=0 -I../../batle_city_bsp_0/microblaze_0/include -mlittle-endian -mxl-barrel-shift -mxl-pattern-compare -mcpu=v8.50.b -mno-xl-soft-mul -Wl,--no-relax -ffunction-sections -fdata-sections -MMD -MP -MF"src/battle_city.d" -MT"src/battle_city.d" -o "src/battle_city.o" "../src/battle_city.c"
../src/battle_city.c: In function 'check_and_move_enemies':
../src/battle_city.c:616:3: warning: implicit declaration of function 'rand' [-Wimplicit-function-declaration]
'Finished building: ../src/battle_city.c'
' '
'Building target: boomberman_app.elf'
'Invoking: MicroBlaze gcc linker'
mb-gcc -Wl,-T -Wl,../src/lscript.ld -L../../batle_city_bsp_0/microblaze_0/lib -mlittle-endian -mxl-barrel-shift -mxl-pattern-compare -mcpu=v8.50.b -mno-xl-soft-mul -Wl,--no-relax -Wl,--gc-sections -o "boomberman_app.elf"  ./src/battle_city.o ./src/main.o ./src/main_menu.o ./src/maps.o ./src/platform.o   
'Finished building target: boomberman_app.elf'
' '
'Invoking: MicroBlaze Print Size'
mb-size boomberman_app.elf  |tee "boomberman_app.elf.size"
   text	   data	    bss	    dec	    hex	filename
  15852	   4968	   2156	  22976	   59c0	boomberman_app.elf
'Finished building: boomberman_app.elf.size'
' '
'Invoking: Xilinx ELF Check'
elfcheck boomberman_app.elf -hw ../../battle_city_design_hw_platform/system.xml -pe microblaze_0  |tee "boomberman_app.elf.elfcheck"
elfcheck
Xilinx EDK 14.6 Build EDK_P.68d
Copyright (c) 1995-2012 Xilinx, Inc.  All rights reserved.

Command Line: elfcheck -hw ../../battle_city_design_hw_platform/system.xml -pe
microblaze_0 boomberman_app.elf 

ELF file	: boomberman_app.elf
elfcheck passed.
'Finished building: boomberman_app.elf.elfcheck'
' '
09:52:17 **** Auto Build of configuration Debug for project boomberman_app ****
make all 
make: Ništa za napraviti za `all'.
09:52:23 **** Auto Build of configuration Debug for project boomberman_app ****
make all 
make: Ništa za napraviti za `all'.
09:53:08 **** Auto Build of configuration Debug for project boomberman_app ****
make all 
make: Ništa za napraviti za `all'.
09:53:45 **** Auto Build of configuration Debug for project boomberman_app ****
make all 
'Building file: ../src/main_menu.c'
'Invoking: MicroBlaze gcc compiler'
mb-gcc -Wall -O0 -g3 -c -fmessage-length=0 -I../../batle_city_bsp_0/microblaze_0/include -mlittle-endian -mxl-barrel-shift -mxl-pattern-compare -mcpu=v8.50.b -mno-xl-soft-mul -Wl,--no-relax -ffunction-sections -fdata-sections -MMD -MP -MF"src/main_menu.d" -MT"src/main_menu.d" -o "src/main_menu.o" "../src/main_menu.c"
../src/main_menu.c: In function 'main_menu':
../src/main_menu.c:6:1: warning: control reaches end of non-void function [-Wreturn-type]
'Finished building: ../src/main_menu.c'
' '
'Building target: boomberman_app.elf'
'Invoking: MicroBlaze gcc linker'
mb-gcc -Wl,-T -Wl,../src/lscript.ld -L../../batle_city_bsp_0/microblaze_0/lib -mlittle-endian -mxl-barrel-shift -mxl-pattern-compare -mcpu=v8.50.b -mno-xl-soft-mul -Wl,--no-relax -Wl,--gc-sections -o "boomberman_app.elf"  ./src/battle_city.o ./src/main.o ./src/main_menu.o ./src/maps.o ./src/platform.o   
'Finished building target: boomberman_app.elf'
' '
'Invoking: MicroBlaze Print Size'
mb-size boomberman_app.elf  |tee "boomberman_app.elf.size"
   text	   data	    bss	    dec	    hex	filename
  15852	   4968	   2156	  22976	   59c0	boomberman_app.elf
'Finished building: boomberman_app.elf.size'
' '
'Invoking: Xilinx ELF Check'
elfcheck boomberman_app.elf -hw ../../battle_city_design_hw_platform/system.xml -pe microblaze_0  |tee "boomberman_app.elf.elfcheck"
elfcheck
Xilinx EDK 14.6 Build EDK_P.68d
Copyright (c) 1995-2012 Xilinx, Inc.  All rights reserved.

Command Line: elfcheck -hw ../../battle_city_design_hw_platform/system.xml -pe
microblaze_0 boomberman_app.elf 

ELF file	: boomberman_app.elf
elfcheck passed.
'Finished building: boomberman_app.elf.elfcheck'
' '
09:54:01 **** Auto Build of configuration Debug for project boomberman_app ****
make all 
make: Ništa za napraviti za `all'.
09:54:02 **** Auto Build of configuration Debug for project boomberman_app ****
make all 
'Building file: ../src/main_menu.c'
'Invoking: MicroBlaze gcc compiler'
mb-gcc -Wall -O0 -g3 -c -fmessage-length=0 -I../../batle_city_bsp_0/microblaze_0/include -mlittle-endian -mxl-barrel-shift -mxl-pattern-compare -mcpu=v8.50.b -mno-xl-soft-mul -Wl,--no-relax -ffunction-sections -fdata-sections -MMD -MP -MF"src/main_menu.d" -MT"src/main_menu.d" -o "src/main_menu.o" "../src/main_menu.c"
'Finished building: ../src/main_menu.c'
' '
'Building target: boomberman_app.elf'
'Invoking: MicroBlaze gcc linker'
mb-gcc -Wl,-T -Wl,../src/lscript.ld -L../../batle_city_bsp_0/microblaze_0/lib -mlittle-endian -mxl-barrel-shift -mxl-pattern-compare -mcpu=v8.50.b -mno-xl-soft-mul -Wl,--no-relax -Wl,--gc-sections -o "boomberman_app.elf"  ./src/battle_city.o ./src/main.o ./src/main_menu.o ./src/maps.o ./src/platform.o   
'Finished building target: boomberman_app.elf'
' '
'Invoking: MicroBlaze Print Size'
mb-size boomberman_app.elf  |tee "boomberman_app.elf.size"
   text	   data	    bss	    dec	    hex	filename
  15852	   4968	   2156	  22976	   59c0	boomberman_app.elf
'Finished building: boomberman_app.elf.size'
' '
'Invoking: Xilinx ELF Check'
elfcheck boomberman_app.elf -hw ../../battle_city_design_hw_platform/system.xml -pe microblaze_0  |tee "boomberman_app.elf.elfcheck"
elfcheck
Xilinx EDK 14.6 Build EDK_P.68d
Copyright (c) 1995-2012 Xilinx, Inc.  All rights reserved.

Command Line: elfcheck -hw ../../battle_city_design_hw_platform/system.xml -pe
microblaze_0 boomberman_app.elf 

ELF file	: boomberman_app.elf
elfcheck passed.
'Finished building: boomberman_app.elf.elfcheck'
' '
09:54:36 **** Auto Build of configuration Debug for project boomberman_app ****
make all 
'Building file: ../src/main_menu.c'
'Invoking: MicroBlaze gcc compiler'
mb-gcc -Wall -O0 -g3 -c -fmessage-length=0 -I../../batle_city_bsp_0/microblaze_0/include -mlittle-endian -mxl-barrel-shift -mxl-pattern-compare -mcpu=v8.50.b -mno-xl-soft-mul -Wl,--no-relax -ffunction-sections -fdata-sections -MMD -MP -MF"src/main_menu.d" -MT"src/main_menu.d" -o "src/main_menu.o" "../src/main_menu.c"
../src/main_menu.c: In function 'main_menu':
../src/main_menu.c:4:16: warning: unused variable 'menu_option' [-Wunused-variable]
'Finished building: ../src/main_menu.c'
' '
'Building target: boomberman_app.elf'
'Invoking: MicroBlaze gcc linker'
mb-gcc -Wl,-T -Wl,../src/lscript.ld -L../../batle_city_bsp_0/microblaze_0/lib -mlittle-endian -mxl-barrel-shift -mxl-pattern-compare -mcpu=v8.50.b -mno-xl-soft-mul -Wl,--no-relax -Wl,--gc-sections -o "boomberman_app.elf"  ./src/battle_city.o ./src/main.o ./src/main_menu.o ./src/maps.o ./src/platform.o   
'Finished building target: boomberman_app.elf'
' '
'Invoking: MicroBlaze Print Size'
mb-size boomberman_app.elf  |tee "boomberman_app.elf.size"
   text	   data	    bss	    dec	    hex	filename
  15852	   4968	   2156	  22976	   59c0	boomberman_app.elf
'Finished building: boomberman_app.elf.size'
' '
'Invoking: Xilinx ELF Check'
elfcheck boomberman_app.elf -hw ../../battle_city_design_hw_platform/system.xml -pe microblaze_0  |tee "boomberman_app.elf.elfcheck"
elfcheck
Xilinx EDK 14.6 Build EDK_P.68d
Copyright (c) 1995-2012 Xilinx, Inc.  All rights reserved.

Command Line: elfcheck -hw ../../battle_city_design_hw_platform/system.xml -pe
microblaze_0 boomberman_app.elf 

ELF file	: boomberman_app.elf
elfcheck passed.
'Finished building: boomberman_app.elf.elfcheck'
' '
09:56:01 **** Auto Build of configuration Debug for project boomberman_app ****
make all 
make: Ništa za napraviti za `all'.
09:56:10 **** Auto Build of configuration Debug for project boomberman_app ****
make all 
'Building file: ../src/main_menu.c'
'Invoking: MicroBlaze gcc compiler'
mb-gcc -Wall -O0 -g3 -c -fmessage-length=0 -I../../batle_city_bsp_0/microblaze_0/include -mlittle-endian -mxl-barrel-shift -mxl-pattern-compare -mcpu=v8.50.b -mno-xl-soft-mul -Wl,--no-relax -ffunction-sections -fdata-sections -MMD -MP -MF"src/main_menu.d" -MT"src/main_menu.d" -o "src/main_menu.o" "../src/main_menu.c"
../src/main_menu.c: In function 'main_menu':
../src/main_menu.c:8:4: warning: implicit declaration of function 'BTN_LEFT' [-Wimplicit-function-declaration]
../src/main_menu.c:8:17: error: 'buttons' undeclared (first use in this function)
../src/main_menu.c:8:17: note: each undeclared identifier is reported only once for each function it appears in
../src/main_menu.c:9:5: error: 'd' undeclared (first use in this function)
../src/main_menu.c:9:9: error: 'DIR_LEFT' undeclared (first use in this function)
../src/main_menu.c:10:4: warning: implicit declaration of function 'BTN_RIGHT' [-Wimplicit-function-declaration]
../src/main_menu.c:11:9: error: 'DIR_RIGHT' undeclared (first use in this function)
../src/main_menu.c:12:4: warning: implicit declaration of function 'BTN_UP' [-Wimplicit-function-declaration]
../src/main_menu.c:13:9: error: 'DIR_UP' undeclared (first use in this function)
../src/main_menu.c:14:4: warning: implicit declaration of function 'BTN_DOWN' [-Wimplicit-function-declaration]
../src/main_menu.c:15:9: error: 'DIR_DOWN' undeclared (first use in this function)
../src/main_menu.c:16:4: warning: implicit declaration of function 'BTN_SHOOT' [-Wimplicit-function-declaration]
../src/main_menu.c:4:16: warning: unused variable 'menu_option' [-Wunused-variable]
../src/main_menu.c: At top level:
../src/main_menu.c:22:1: error: expected identifier or '(' before '}' token
make: *** [src/main_menu.o] Greška 1
09:56:42 **** Auto Build of configuration Debug for project boomberman_app ****
make all 
'Building file: ../src/main_menu.c'
'Invoking: MicroBlaze gcc compiler'
mb-gcc -Wall -O0 -g3 -c -fmessage-length=0 -I../../batle_city_bsp_0/microblaze_0/include -mlittle-endian -mxl-barrel-shift -mxl-pattern-compare -mcpu=v8.50.b -mno-xl-soft-mul -Wl,--no-relax -ffunction-sections -fdata-sections -MMD -MP -MF"src/main_menu.d" -MT"src/main_menu.d" -o "src/main_menu.o" "../src/main_menu.c"
../src/main_menu.c: In function 'main_menu':
../src/main_menu.c:9:4: warning: implicit declaration of function 'BTN_LEFT' [-Wimplicit-function-declaration]
../src/main_menu.c:9:17: error: 'buttons' undeclared (first use in this function)
../src/main_menu.c:9:17: note: each undeclared identifier is reported only once for each function it appears in
../src/main_menu.c:10:5: error: 'd' undeclared (first use in this function)
../src/main_menu.c:10:9: error: 'DIR_LEFT' undeclared (first use in this function)
../src/main_menu.c:11:4: warning: implicit declaration of function 'BTN_RIGHT' [-Wimplicit-function-declaration]
../src/main_menu.c:12:9: error: 'DIR_RIGHT' undeclared (first use in this function)
../src/main_menu.c:13:4: warning: implicit declaration of function 'BTN_UP' [-Wimplicit-function-declaration]
../src/main_menu.c:14:9: error: 'DIR_UP' undeclared (first use in this function)
../src/main_menu.c:15:4: warning: implicit declaration of function 'BTN_DOWN' [-Wimplicit-function-declaration]
../src/main_menu.c:16:9: error: 'DIR_DOWN' undeclared (first use in this function)
../src/main_menu.c:17:4: warning: implicit declaration of function 'BTN_SHOOT' [-Wimplicit-function-declaration]
../src/main_menu.c:5:16: warning: unused variable 'menu_option' [-Wunused-variable]
../src/main_menu.c: At top level:
../src/main_menu.c:23:1: error: expected identifier or '(' before '}' token
make: *** [src/main_menu.o] Greška 1
09:57:10 **** Auto Build of configuration Debug for project boomberman_app ****
make all 
'Building file: ../src/main_menu.c'
'Invoking: MicroBlaze gcc compiler'
mb-gcc -Wall -O0 -g3 -c -fmessage-length=0 -I../../batle_city_bsp_0/microblaze_0/include -mlittle-endian -mxl-barrel-shift -mxl-pattern-compare -mcpu=v8.50.b -mno-xl-soft-mul -Wl,--no-relax -ffunction-sections -fdata-sections -MMD -MP -MF"src/main_menu.d" -MT"src/main_menu.d" -o "src/main_menu.o" "../src/main_menu.c"
../src/main_menu.c: In function 'main_menu':
../src/main_menu.c:9:4: warning: implicit declaration of function 'BTN_LEFT' [-Wimplicit-function-declaration]
../src/main_menu.c:9:17: error: 'buttons' undeclared (first use in this function)
../src/main_menu.c:9:17: note: each undeclared identifier is reported only once for each function it appears in
../src/main_menu.c:10:4: warning: implicit declaration of function 'BTN_RIGHT' [-Wimplicit-function-declaration]
../src/main_menu.c:11:4: warning: implicit declaration of function 'BTN_UP' [-Wimplicit-function-declaration]
../src/main_menu.c:12:4: warning: implicit declaration of function 'BTN_DOWN' [-Wimplicit-function-declaration]
../src/main_menu.c:13:4: warning: implicit declaration of function 'BTN_SHOOT' [-Wimplicit-function-declaration]
../src/main_menu.c:5:16: warning: unused variable 'menu_option' [-Wunused-variable]
../src/main_menu.c: At top level:
../src/main_menu.c:19:1: error: expected identifier or '(' before '}' token
make: *** [src/main_menu.o] Greška 1
09:57:25 **** Auto Build of configuration Debug for project boomberman_app ****
make all 
'Building file: ../src/main_menu.c'
'Invoking: MicroBlaze gcc compiler'
mb-gcc -Wall -O0 -g3 -c -fmessage-length=0 -I../../batle_city_bsp_0/microblaze_0/include -mlittle-endian -mxl-barrel-shift -mxl-pattern-compare -mcpu=v8.50.b -mno-xl-soft-mul -Wl,--no-relax -ffunction-sections -fdata-sections -MMD -MP -MF"src/main_menu.d" -MT"src/main_menu.d" -o "src/main_menu.o" "../src/main_menu.c"
../src/main_menu.c: In function 'main_menu':
../src/main_menu.c:9:8: error: 'buttons' undeclared (first use in this function)
../src/main_menu.c:9:8: note: each undeclared identifier is reported only once for each function it appears in
../src/main_menu.c:5:16: warning: unused variable 'menu_option' [-Wunused-variable]
../src/main_menu.c: At top level:
../src/main_menu.c:19:1: error: expected identifier or '(' before '}' token
make: *** [src/main_menu.o] Greška 1
09:57:33 **** Auto Build of configuration Debug for project boomberman_app ****
make all 
'Building file: ../src/battle_city.c'
'Invoking: MicroBlaze gcc compiler'
mb-gcc -Wall -O0 -g3 -c -fmessage-length=0 -I../../batle_city_bsp_0/microblaze_0/include -mlittle-endian -mxl-barrel-shift -mxl-pattern-compare -mcpu=v8.50.b -mno-xl-soft-mul -Wl,--no-relax -ffunction-sections -fdata-sections -MMD -MP -MF"src/battle_city.d" -MT"src/battle_city.d" -o "src/battle_city.o" "../src/battle_city.c"
In file included from ../src/battle_city.c:1:0:
../src/battle_city.h:16:18: error: unknown type name 'map_structure_t'
../src/battle_city.c: In function 'check_and_move_enemies':
../src/battle_city.c:610:3: warning: implicit declaration of function 'rand' [-Wimplicit-function-declaration]
make: *** [src/battle_city.o] Greška 1
09:58:31 **** Auto Build of configuration Debug for project boomberman_app ****
make all 
'Building file: ../src/battle_city.c'
'Invoking: MicroBlaze gcc compiler'
mb-gcc -Wall -O0 -g3 -c -fmessage-length=0 -I../../batle_city_bsp_0/microblaze_0/include -mlittle-endian -mxl-barrel-shift -mxl-pattern-compare -mcpu=v8.50.b -mno-xl-soft-mul -Wl,--no-relax -ffunction-sections -fdata-sections -MMD -MP -MF"src/battle_city.d" -MT"src/battle_city.d" -o "src/battle_city.o" "../src/battle_city.c"
In file included from ../src/battle_city.c:1:0:
../src/battle_city.h:16:18: error: unknown type name 'map_structure_t'
../src/battle_city.c: In function 'check_and_move_enemies':
../src/battle_city.c:610:3: warning: implicit declaration of function 'rand' [-Wimplicit-function-declaration]
make: *** [src/battle_city.o] Greška 1
09:58:56 **** Auto Build of configuration Debug for project boomberman_app ****
make all 
'Building file: ../src/battle_city.c'
'Invoking: MicroBlaze gcc compiler'
mb-gcc -Wall -O0 -g3 -c -fmessage-length=0 -I../../batle_city_bsp_0/microblaze_0/include -mlittle-endian -mxl-barrel-shift -mxl-pattern-compare -mcpu=v8.50.b -mno-xl-soft-mul -Wl,--no-relax -ffunction-sections -fdata-sections -MMD -MP -MF"src/battle_city.d" -MT"src/battle_city.d" -o "src/battle_city.o" "../src/battle_city.c"
../src/battle_city.c: In function 'check_and_move_enemies':
../src/battle_city.c:610:3: warning: implicit declaration of function 'rand' [-Wimplicit-function-declaration]
'Finished building: ../src/battle_city.c'
' '
'Building file: ../src/main_menu.c'
'Invoking: MicroBlaze gcc compiler'
mb-gcc -Wall -O0 -g3 -c -fmessage-length=0 -I../../batle_city_bsp_0/microblaze_0/include -mlittle-endian -mxl-barrel-shift -mxl-pattern-compare -mcpu=v8.50.b -mno-xl-soft-mul -Wl,--no-relax -ffunction-sections -fdata-sections -MMD -MP -MF"src/main_menu.d" -MT"src/main_menu.d" -o "src/main_menu.o" "../src/main_menu.c"
../src/main_menu.c: In function 'main_menu':
../src/main_menu.c:5:16: warning: unused variable 'menu_option' [-Wunused-variable]
'Finished building: ../src/main_menu.c'
' '
'Building target: boomberman_app.elf'
'Invoking: MicroBlaze gcc linker'
mb-gcc -Wl,-T -Wl,../src/lscript.ld -L../../batle_city_bsp_0/microblaze_0/lib -mlittle-endian -mxl-barrel-shift -mxl-pattern-compare -mcpu=v8.50.b -mno-xl-soft-mul -Wl,--no-relax -Wl,--gc-sections -o "boomberman_app.elf"  ./src/battle_city.o ./src/main.o ./src/main_menu.o ./src/maps.o ./src/platform.o   
'Finished building target: boomberman_app.elf'
' '
'Invoking: MicroBlaze Print Size'
mb-size boomberman_app.elf  |tee "boomberman_app.elf.size"
   text	   data	    bss	    dec	    hex	filename
  15852	   4968	   2156	  22976	   59c0	boomberman_app.elf
'Finished building: boomberman_app.elf.size'
' '
'Invoking: Xilinx ELF Check'
elfcheck boomberman_app.elf -hw ../../battle_city_design_hw_platform/system.xml -pe microblaze_0  |tee "boomberman_app.elf.elfcheck"
elfcheck
Xilinx EDK 14.6 Build EDK_P.68d
Copyright (c) 1995-2012 Xilinx, Inc.  All rights reserved.

Command Line: elfcheck -hw ../../battle_city_design_hw_platform/system.xml -pe
microblaze_0 boomberman_app.elf 

ELF file	: boomberman_app.elf
elfcheck passed.
'Finished building: boomberman_app.elf.elfcheck'
' '
[...]
'Finished building: ../src/main_menu.c'
' '
'Building target: boomberman_app.elf'
'Invoking: MicroBlaze gcc linker'
mb-gcc -Wl,-T -Wl,../src/lscript.ld -L../../batle_city_bsp_0/microblaze_0/lib -mlittle-endian -mxl-barrel-shift -mxl-pattern-compare -mcpu=v8.50.b -mno-xl-soft-mul -Wl,--no-relax -Wl,--gc-sections -o "boomberman_app.elf"  ./src/battle_city.o ./src/main.o ./src/main_menu.o ./src/maps.o ./src/platform.o   
'Finished building target: boomberman_app.elf'
' '
'Invoking: MicroBlaze Print Size'
mb-size boomberman_app.elf  |tee "boomberman_app.elf.size"
   text	   data	    bss	    dec	    hex	filename
  15852	   4968	   2156	  22976	   59c0	boomberman_app.elf
'Finished building: boomberman_app.elf.size'
' '
'Invoking: Xilinx ELF Check'
elfcheck boomberman_app.elf -hw ../../battle_city_design_hw_platform/system.xml -pe microblaze_0  |tee "boomberman_app.elf.elfcheck"
elfcheck
Xilinx EDK 14.6 Build EDK_P.68d
Copyright (c) 1995-2012 Xilinx, Inc.  All rights reserved.

Command Line: elfcheck -hw ../../battle_city_design_hw_platform/system.xml -pe
microblaze_0 boomberman_app.elf 

ELF file	: boomberman_app.elf
elfcheck passed.
'Finished building: boomberman_app.elf.elfcheck'
' '
10:38:48 **** Auto Build of configuration Debug for project boomberman_app ****
make all 
'Building file: ../src/main_menu.c'
'Invoking: MicroBlaze gcc compiler'
mb-gcc -Wall -O0 -g3 -c -fmessage-length=0 -I../../batle_city_bsp_0/microblaze_0/include -mlittle-endian -mxl-barrel-shift -mxl-pattern-compare -mcpu=v8.50.b -mno-xl-soft-mul -Wl,--no-relax -ffunction-sections -fdata-sections -MMD -MP -MF"src/main_menu.d" -MT"src/main_menu.d" -o "src/main_menu.o" "../src/main_menu.c"
'Finished building: ../src/main_menu.c'
' '
'Building target: boomberman_app.elf'
'Invoking: MicroBlaze gcc linker'
mb-gcc -Wl,-T -Wl,../src/lscript.ld -L../../batle_city_bsp_0/microblaze_0/lib -mlittle-endian -mxl-barrel-shift -mxl-pattern-compare -mcpu=v8.50.b -mno-xl-soft-mul -Wl,--no-relax -Wl,--gc-sections -o "boomberman_app.elf"  ./src/battle_city.o ./src/main.o ./src/main_menu.o ./src/maps.o ./src/platform.o   
'Finished building target: boomberman_app.elf'
' '
'Invoking: MicroBlaze Print Size'
mb-size boomberman_app.elf  |tee "boomberman_app.elf.size"
   text	   data	    bss	    dec	    hex	filename
  15852	   4968	   2156	  22976	   59c0	boomberman_app.elf
'Finished building: boomberman_app.elf.size'
' '
'Invoking: Xilinx ELF Check'
elfcheck boomberman_app.elf -hw ../../battle_city_design_hw_platform/system.xml -pe microblaze_0  |tee "boomberman_app.elf.elfcheck"
elfcheck
Xilinx EDK 14.6 Build EDK_P.68d
Copyright (c) 1995-2012 Xilinx, Inc.  All rights reserved.

Command Line: elfcheck -hw ../../battle_city_design_hw_platform/system.xml -pe
microblaze_0 boomberman_app.elf 

ELF file	: boomberman_app.elf
elfcheck passed.
'Finished building: boomberman_app.elf.elfcheck'
' '
10:38:57 **** Auto Build of configuration Debug for project boomberman_app ****
make all 
'Building file: ../src/main_menu.c'
'Invoking: MicroBlaze gcc compiler'
mb-gcc -Wall -O0 -g3 -c -fmessage-length=0 -I../../batle_city_bsp_0/microblaze_0/include -mlittle-endian -mxl-barrel-shift -mxl-pattern-compare -mcpu=v8.50.b -mno-xl-soft-mul -Wl,--no-relax -ffunction-sections -fdata-sections -MMD -MP -MF"src/main_menu.d" -MT"src/main_menu.d" -o "src/main_menu.o" "../src/main_menu.c"
'Finished building: ../src/main_menu.c'
' '
'Building target: boomberman_app.elf'
'Invoking: MicroBlaze gcc linker'
mb-gcc -Wl,-T -Wl,../src/lscript.ld -L../../batle_city_bsp_0/microblaze_0/lib -mlittle-endian -mxl-barrel-shift -mxl-pattern-compare -mcpu=v8.50.b -mno-xl-soft-mul -Wl,--no-relax -Wl,--gc-sections -o "boomberman_app.elf"  ./src/battle_city.o ./src/main.o ./src/main_menu.o ./src/maps.o ./src/platform.o   
'Finished building target: boomberman_app.elf'
' '
'Invoking: MicroBlaze Print Size'
mb-size boomberman_app.elf  |tee "boomberman_app.elf.size"
   text	   data	    bss	    dec	    hex	filename
  15852	   4968	   2156	  22976	   59c0	boomberman_app.elf
'Finished building: boomberman_app.elf.size'
' '
'Invoking: Xilinx ELF Check'
elfcheck boomberman_app.elf -hw ../../battle_city_design_hw_platform/system.xml -pe microblaze_0  |tee "boomberman_app.elf.elfcheck"
elfcheck
Xilinx EDK 14.6 Build EDK_P.68d
Copyright (c) 1995-2012 Xilinx, Inc.  All rights reserved.

Command Line: elfcheck -hw ../../battle_city_design_hw_platform/system.xml -pe
microblaze_0 boomberman_app.elf 

ELF file	: boomberman_app.elf
elfcheck passed.
'Finished building: boomberman_app.elf.elfcheck'
' '
10:39:26 **** Auto Build of configuration Debug for project boomberman_app ****
make all 
'Building file: ../src/main_menu.c'
'Invoking: MicroBlaze gcc compiler'
mb-gcc -Wall -O0 -g3 -c -fmessage-length=0 -I../../batle_city_bsp_0/microblaze_0/include -mlittle-endian -mxl-barrel-shift -mxl-pattern-compare -mcpu=v8.50.b -mno-xl-soft-mul -Wl,--no-relax -ffunction-sections -fdata-sections -MMD -MP -MF"src/main_menu.d" -MT"src/main_menu.d" -o "src/main_menu.o" "../src/main_menu.c"
'Finished building: ../src/main_menu.c'
' '
'Building target: boomberman_app.elf'
'Invoking: MicroBlaze gcc linker'
mb-gcc -Wl,-T -Wl,../src/lscript.ld -L../../batle_city_bsp_0/microblaze_0/lib -mlittle-endian -mxl-barrel-shift -mxl-pattern-compare -mcpu=v8.50.b -mno-xl-soft-mul -Wl,--no-relax -Wl,--gc-sections -o "boomberman_app.elf"  ./src/battle_city.o ./src/main.o ./src/main_menu.o ./src/maps.o ./src/platform.o   
'Finished building target: boomberman_app.elf'
' '
'Invoking: MicroBlaze Print Size'
mb-size boomberman_app.elf  |tee "boomberman_app.elf.size"
   text	   data	    bss	    dec	    hex	filename
  15852	   4968	   2156	  22976	   59c0	boomberman_app.elf
'Finished building: boomberman_app.elf.size'
' '
'Invoking: Xilinx ELF Check'
elfcheck boomberman_app.elf -hw ../../battle_city_design_hw_platform/system.xml -pe microblaze_0  |tee "boomberman_app.elf.elfcheck"
elfcheck
Xilinx EDK 14.6 Build EDK_P.68d
Copyright (c) 1995-2012 Xilinx, Inc.  All rights reserved.

Command Line: elfcheck -hw ../../battle_city_design_hw_platform/system.xml -pe
microblaze_0 boomberman_app.elf 

ELF file	: boomberman_app.elf
elfcheck passed.
'Finished building: boomberman_app.elf.elfcheck'
' '
10:41:10 **** Auto Build of configuration Debug for project boomberman_app ****
make all 
'Building file: ../src/main_menu.c'
'Invoking: MicroBlaze gcc compiler'
mb-gcc -Wall -O0 -g3 -c -fmessage-length=0 -I../../batle_city_bsp_0/microblaze_0/include -mlittle-endian -mxl-barrel-shift -mxl-pattern-compare -mcpu=v8.50.b -mno-xl-soft-mul -Wl,--no-relax -ffunction-sections -fdata-sections -MMD -MP -MF"src/main_menu.d" -MT"src/main_menu.d" -o "src/main_menu.o" "../src/main_menu.c"
../src/main_menu.c: In function 'main_menu':
../src/main_menu.c:81:3: warning: passing argument 1 of 'print' makes pointer from integer without a cast [enabled by default]
../../batle_city_bsp_0/microblaze_0/include/xil_printf.h:49:6: note: expected 'char *' but argument is of type 'unsigned char'
../src/main_menu.c:81:3: error: too many arguments to function 'print'
../../batle_city_bsp_0/microblaze_0/include/xil_printf.h:49:6: note: declared here
../src/main_menu.c:82:3: warning: passing argument 1 of 'print' makes pointer from integer without a cast [enabled by default]
../../batle_city_bsp_0/microblaze_0/include/xil_printf.h:49:6: note: expected 'char *' but argument is of type 'unsigned char'
../src/main_menu.c:82:3: error: too many arguments to function 'print'
../../batle_city_bsp_0/microblaze_0/include/xil_printf.h:49:6: note: declared here
../src/main_menu.c:36:14: warning: variable 'menu_indicator' set but not used [-Wunused-but-set-variable]
make: *** [src/main_menu.o] Greška 1
10:41:21 **** Auto Build of configuration Debug for project boomberman_app ****
make all 
'Building file: ../src/main_menu.c'
'Invoking: MicroBlaze gcc compiler'
mb-gcc -Wall -O0 -g3 -c -fmessage-length=0 -I../../batle_city_bsp_0/microblaze_0/include -mlittle-endian -mxl-barrel-shift -mxl-pattern-compare -mcpu=v8.50.b -mno-xl-soft-mul -Wl,--no-relax -ffunction-sections -fdata-sections -MMD -MP -MF"src/main_menu.d" -MT"src/main_menu.d" -o "src/main_menu.o" "../src/main_menu.c"
../src/main_menu.c: In function 'main_menu':
../src/main_menu.c:81:3: warning: passing argument 1 of 'print' makes pointer from integer without a cast [enabled by default]
../../batle_city_bsp_0/microblaze_0/include/xil_printf.h:49:6: note: expected 'char *' but argument is of type 'unsigned char'
../src/main_menu.c:81:3: error: too many arguments to function 'print'
../../batle_city_bsp_0/microblaze_0/include/xil_printf.h:49:6: note: declared here
../src/main_menu.c:82:3: warning: passing argument 1 of 'print' makes pointer from integer without a cast [enabled by default]
../../batle_city_bsp_0/microblaze_0/include/xil_printf.h:49:6: note: expected 'char *' but argument is of type 'unsigned char'
../src/main_menu.c:82:3: error: too many arguments to function 'print'
../../batle_city_bsp_0/microblaze_0/include/xil_printf.h:49:6: note: declared here
../src/main_menu.c:83:3: error: too few arguments to function 'print'
../../batle_city_bsp_0/microblaze_0/include/xil_printf.h:49:6: note: declared here
../src/main_menu.c:36:14: warning: variable 'menu_indicator' set but not used [-Wunused-but-set-variable]
make: *** [src/main_menu.o] Greška 1
10:41:37 **** Auto Build of configuration Debug for project boomberman_app ****
make all 
'Building file: ../src/main_menu.c'
'Invoking: MicroBlaze gcc compiler'
mb-gcc -Wall -O0 -g3 -c -fmessage-length=0 -I../../batle_city_bsp_0/microblaze_0/include -mlittle-endian -mxl-barrel-shift -mxl-pattern-compare -mcpu=v8.50.b -mno-xl-soft-mul -Wl,--no-relax -ffunction-sections -fdata-sections -MMD -MP -MF"src/main_menu.d" -MT"src/main_menu.d" -o "src/main_menu.o" "../src/main_menu.c"
../src/main_menu.c: In function 'main_menu':
../src/main_menu.c:81:3: warning: passing argument 1 of 'print' makes pointer from integer without a cast [enabled by default]
../../batle_city_bsp_0/microblaze_0/include/xil_printf.h:49:6: note: expected 'char *' but argument is of type 'unsigned char'
../src/main_menu.c:81:3: error: too many arguments to function 'print'
../../batle_city_bsp_0/microblaze_0/include/xil_printf.h:49:6: note: declared here
../src/main_menu.c:82:3: warning: passing argument 1 of 'print' makes pointer from integer without a cast [enabled by default]
../../batle_city_bsp_0/microblaze_0/include/xil_printf.h:49:6: note: expected 'char *' but argument is of type 'unsigned char'
../src/main_menu.c:82:3: error: too many arguments to function 'print'
../../batle_city_bsp_0/microblaze_0/include/xil_printf.h:49:6: note: declared here
../src/main_menu.c:36:14: warning: variable 'menu_indicator' set but not used [-Wunused-but-set-variable]
make: *** [src/main_menu.o] Greška 1
10:42:01 **** Auto Build of configuration Debug for project boomberman_app ****
make all 
'Building file: ../src/main_menu.c'
'Invoking: MicroBlaze gcc compiler'
mb-gcc -Wall -O0 -g3 -c -fmessage-length=0 -I../../batle_city_bsp_0/microblaze_0/include -mlittle-endian -mxl-barrel-shift -mxl-pattern-compare -mcpu=v8.50.b -mno-xl-soft-mul -Wl,--no-relax -ffunction-sections -fdata-sections -MMD -MP -MF"src/main_menu.d" -MT"src/main_menu.d" -o "src/main_menu.o" "../src/main_menu.c"
../src/main_menu.c: In function 'main_menu':
../src/main_menu.c:36:14: warning: variable 'menu_indicator' set but not used [-Wunused-but-set-variable]
'Finished building: ../src/main_menu.c'
' '
'Building target: boomberman_app.elf'
'Invoking: MicroBlaze gcc linker'
mb-gcc -Wl,-T -Wl,../src/lscript.ld -L../../batle_city_bsp_0/microblaze_0/lib -mlittle-endian -mxl-barrel-shift -mxl-pattern-compare -mcpu=v8.50.b -mno-xl-soft-mul -Wl,--no-relax -Wl,--gc-sections -o "boomberman_app.elf"  ./src/battle_city.o ./src/main.o ./src/main_menu.o ./src/maps.o ./src/platform.o   
'Finished building target: boomberman_app.elf'
' '
'Invoking: MicroBlaze Print Size'
mb-size boomberman_app.elf  |tee "boomberman_app.elf.size"
   text	   data	    bss	    dec	    hex	filename
  15852	   4968	   2156	  22976	   59c0	boomberman_app.elf
'Finished building: boomberman_app.elf.size'
' '
'Invoking: Xilinx ELF Check'
elfcheck boomberman_app.elf -hw ../../battle_city_design_hw_platform/system.xml -pe microblaze_0  |tee "boomberman_app.elf.elfcheck"
elfcheck
Xilinx EDK 14.6 Build EDK_P.68d
Copyright (c) 1995-2012 Xilinx, Inc.  All rights reserved.

Command Line: elfcheck -hw ../../battle_city_design_hw_platform/system.xml -pe
microblaze_0 boomberman_app.elf 

ELF file	: boomberman_app.elf
elfcheck passed.
'Finished building: boomberman_app.elf.elfcheck'
' '
10:42:42 **** Auto Build of configuration Debug for project boomberman_app ****
make all 
'Building file: ../src/main_menu.c'
'Invoking: MicroBlaze gcc compiler'
mb-gcc -Wall -O0 -g3 -c -fmessage-length=0 -I../../batle_city_bsp_0/microblaze_0/include -mlittle-endian -mxl-barrel-shift -mxl-pattern-compare -mcpu=v8.50.b -mno-xl-soft-mul -Wl,--no-relax -ffunction-sections -fdata-sections -MMD -MP -MF"src/main_menu.d" -MT"src/main_menu.d" -o "src/main_menu.o" "../src/main_menu.c"
'Finished building: ../src/main_menu.c'
' '
'Building target: boomberman_app.elf'
'Invoking: MicroBlaze gcc linker'
mb-gcc -Wl,-T -Wl,../src/lscript.ld -L../../batle_city_bsp_0/microblaze_0/lib -mlittle-endian -mxl-barrel-shift -mxl-pattern-compare -mcpu=v8.50.b -mno-xl-soft-mul -Wl,--no-relax -Wl,--gc-sections -o "boomberman_app.elf"  ./src/battle_city.o ./src/main.o ./src/main_menu.o ./src/maps.o ./src/platform.o   
'Finished building target: boomberman_app.elf'
' '
'Invoking: MicroBlaze Print Size'
mb-size boomberman_app.elf  |tee "boomberman_app.elf.size"
   text	   data	    bss	    dec	    hex	filename
  15852	   4968	   2156	  22976	   59c0	boomberman_app.elf
'Finished building: boomberman_app.elf.size'
' '
'Invoking: Xilinx ELF Check'
elfcheck boomberman_app.elf -hw ../../battle_city_design_hw_platform/system.xml -pe microblaze_0  |tee "boomberman_app.elf.elfcheck"
elfcheck
Xilinx EDK 14.6 Build EDK_P.68d
Copyright (c) 1995-2012 Xilinx, Inc.  All rights reserved.

Command Line: elfcheck -hw ../../battle_city_design_hw_platform/system.xml -pe
microblaze_0 boomberman_app.elf 

ELF file	: boomberman_app.elf
elfcheck passed.
'Finished building: boomberman_app.elf.elfcheck'
' '
10:43:00 **** Auto Build of configuration Debug for project boomberman_app ****
make all 
'Building file: ../src/main.c'
'Invoking: MicroBlaze gcc compiler'
mb-gcc -Wall -O0 -g3 -c -fmessage-length=0 -I../../batle_city_bsp_0/microblaze_0/include -mlittle-endian -mxl-barrel-shift -mxl-pattern-compare -mcpu=v8.50.b -mno-xl-soft-mul -Wl,--no-relax -ffunction-sections -fdata-sections -MMD -MP -MF"src/main.d" -MT"src/main.d" -o "src/main.o" "../src/main.c"
../src/main.c: In function 'main':
../src/main.c:44:5: warning: implicit declaration of function 'main_menu' [-Wimplicit-function-declaration]
../src/main.c:46:5: error: too few arguments to function 'battle_city'
../src/battle_city.h:40:6: note: declared here
make: *** [src/main.o] Greška 1
10:43:05 **** Auto Build of configuration Debug for project boomberman_app ****
make all 
'Building file: ../src/main.c'
'Invoking: MicroBlaze gcc compiler'
mb-gcc -Wall -O0 -g3 -c -fmessage-length=0 -I../../batle_city_bsp_0/microblaze_0/include -mlittle-endian -mxl-barrel-shift -mxl-pattern-compare -mcpu=v8.50.b -mno-xl-soft-mul -Wl,--no-relax -ffunction-sections -fdata-sections -MMD -MP -MF"src/main.d" -MT"src/main.d" -o "src/main.o" "../src/main.c"
../src/main.c: In function 'main':
../src/main.c:44:5: warning: implicit declaration of function 'main_menu' [-Wimplicit-function-declaration]
../src/main.c:46:5: error: incompatible type for argument 1 of 'battle_city'
../src/battle_city.h:40:6: note: expected 'map_structure_t' but argument is of type 'unsigned char (*)[40]'
make: *** [src/main.o] Greška 1
10:43:18 **** Auto Build of configuration Debug for project boomberman_app ****
make all 
'Building file: ../src/main.c'
'Invoking: MicroBlaze gcc compiler'
mb-gcc -Wall -O0 -g3 -c -fmessage-length=0 -I../../batle_city_bsp_0/microblaze_0/include -mlittle-endian -mxl-barrel-shift -mxl-pattern-compare -mcpu=v8.50.b -mno-xl-soft-mul -Wl,--no-relax -ffunction-sections -fdata-sections -MMD -MP -MF"src/main.d" -MT"src/main.d" -o "src/main.o" "../src/main.c"
../src/main.c: In function 'main':
../src/main.c:45:5: warning: implicit declaration of function 'main_menu' [-Wimplicit-function-declaration]
../src/main.c:47:5: error: incompatible type for argument 1 of 'battle_city'
../src/battle_city.h:40:6: note: expected 'map_structure_t' but argument is of type 'unsigned char (*)[40]'
make: *** [src/main.o] Greška 1
10:43:33 **** Auto Build of configuration Debug for project boomberman_app ****
make all 
'Building file: ../src/main.c'
'Invoking: MicroBlaze gcc compiler'
mb-gcc -Wall -O0 -g3 -c -fmessage-length=0 -I../../batle_city_bsp_0/microblaze_0/include -mlittle-endian -mxl-barrel-shift -mxl-pattern-compare -mcpu=v8.50.b -mno-xl-soft-mul -Wl,--no-relax -ffunction-sections -fdata-sections -MMD -MP -MF"src/main.d" -MT"src/main.d" -o "src/main.o" "../src/main.c"
../src/main.c:37:23: fatal error: main_main.h: No such file or directory
compilation terminated.
make: *** [src/main.o] Greška 1
10:43:40 **** Auto Build of configuration Debug for project boomberman_app ****
make all 
'Building file: ../src/main.c'
'Invoking: MicroBlaze gcc compiler'
mb-gcc -Wall -O0 -g3 -c -fmessage-length=0 -I../../batle_city_bsp_0/microblaze_0/include -mlittle-endian -mxl-barrel-shift -mxl-pattern-compare -mcpu=v8.50.b -mno-xl-soft-mul -Wl,--no-relax -ffunction-sections -fdata-sections -MMD -MP -MF"src/main.d" -MT"src/main.d" -o "src/main.o" "../src/main.c"
../src/main.c: In function 'main':
../src/main.c:47:5: error: incompatible type for argument 1 of 'battle_city'
../src/battle_city.h:40:6: note: expected 'map_structure_t' but argument is of type 'unsigned char (*)[40]'
make: *** [src/main.o] Greška 1
10:44:32 **** Auto Build of configuration Debug for project boomberman_app ****
make all 
'Building file: ../src/main.c'
'Invoking: MicroBlaze gcc compiler'
mb-gcc -Wall -O0 -g3 -c -fmessage-length=0 -I../../batle_city_bsp_0/microblaze_0/include -mlittle-endian -mxl-barrel-shift -mxl-pattern-compare -mcpu=v8.50.b -mno-xl-soft-mul -Wl,--no-relax -ffunction-sections -fdata-sections -MMD -MP -MF"src/main.d" -MT"src/main.d" -o "src/main.o" "../src/main.c"
'Finished building: ../src/main.c'
' '
'Building target: boomberman_app.elf'
'Invoking: MicroBlaze gcc linker'
mb-gcc -Wl,-T -Wl,../src/lscript.ld -L../../batle_city_bsp_0/microblaze_0/lib -mlittle-endian -mxl-barrel-shift -mxl-pattern-compare -mcpu=v8.50.b -mno-xl-soft-mul -Wl,--no-relax -Wl,--gc-sections -o "boomberman_app.elf"  ./src/battle_city.o ./src/main.o ./src/main_menu.o ./src/maps.o ./src/platform.o   
'Finished building target: boomberman_app.elf'
' '
'Invoking: MicroBlaze Print Size'
mb-size boomberman_app.elf  |tee "boomberman_app.elf.size"
   text	   data	    bss	    dec	    hex	filename
  16592	   6168	   2152	  24912	   6150	boomberman_app.elf
'Finished building: boomberman_app.elf.size'
' '
'Invoking: Xilinx ELF Check'
elfcheck boomberman_app.elf -hw ../../battle_city_design_hw_platform/system.xml -pe microblaze_0  |tee "boomberman_app.elf.elfcheck"
elfcheck
Xilinx EDK 14.6 Build EDK_P.68d
Copyright (c) 1995-2012 Xilinx, Inc.  All rights reserved.

Command Line: elfcheck -hw ../../battle_city_design_hw_platform/system.xml -pe
microblaze_0 boomberman_app.elf 

ELF file	: boomberman_app.elf
elfcheck passed.
'Finished building: boomberman_app.elf.elfcheck'
' '
