16:28:36 **** Incremental Build of configuration Debug for project boomberman_app ****
make all 
make: Ništa za napraviti za `all'.
16:28:47 **** Incremental Build of configuration Debug for project Boomberman ****
make all 
make: Ništa za napraviti za `all'.
16:28:47 **** Incremental Build of configuration Debug for project bomberman_app1 ****
make all 
make: Ništa za napraviti za `all'.
16:28:48 **** Incremental Build of configuration Debug for project boomberman_app ****
make all 
make: Ništa za napraviti za `all'.
16:29:43 **** Incremental Build of configuration Debug for project Boomberman ****
make all 
make: Ništa za napraviti za `all'.
16:29:43 **** Incremental Build of configuration Debug for project bomberman_app1 ****
make all 
make: Ništa za napraviti za `all'.
16:29:44 **** Incremental Build of configuration Debug for project boomberman_app ****
make all 
make: Ništa za napraviti za `all'.
16:31:20 **** Auto Build of project batle_city_bsp_0 ****
make -k all 
'Finished building libraries'
16:31:28 **** Incremental Build of configuration Debug for project Boomberman ****
make all 
make: Ništa za napraviti za `all'.
16:31:28 **** Incremental Build of configuration Debug for project bomberman_app1 ****
make all 
make: Ništa za napraviti za `all'.
16:31:29 **** Incremental Build of configuration Debug for project boomberman_app ****
make all 
make: Ništa za napraviti za `all'.
16:32:56 **** Auto Build of configuration Debug for project boomberman_app ****
make all 
'Building file: ../src/battle_city.c'
'Invoking: MicroBlaze gcc compiler'
mb-gcc -Wall -O0 -g3 -c -fmessage-length=0 -I../../batle_city_bsp_0/microblaze_0/include -mlittle-endian -mxl-barrel-shift -mxl-pattern-compare -mcpu=v8.50.b -mno-xl-soft-mul -Wl,--no-relax -ffunction-sections -fdata-sections -MMD -MP -MF"src/battle_city.d" -MT"src/battle_city.d" -o "src/battle_city.o" "../src/battle_city.c"
../src/battle_city.c: In function 'place_explosion':
../src/battle_city.c:168:3: warning: implicit declaration of function 'obstacles_detection' [-Wimplicit-function-declaration]
../src/battle_city.c: In function 'random_move_enemy':
../src/battle_city.c:718:2: warning: implicit declaration of function 'rand' [-Wimplicit-function-declaration]
../src/battle_city.c:719:2: warning: passing argument 4 of 'obstacles_detection' from incompatible pointer type [enabled by default]
../src/battle_city.c:311:5: note: expected 'unsigned char *' but argument is of type 'unsigned char (*)[40]'
../src/battle_city.c: In function 'battle_city':
../src/battle_city.c:750:2: warning: passing argument 1 of 'map_reset' from incompatible pointer type [enabled by default]
../src/battle_city.c:301:13: note: expected 'unsigned char *' but argument is of type 'unsigned char (*)[40]'
../src/battle_city.c:795:5: warning: passing argument 1 of 'destroy' from incompatible pointer type [enabled by default]
../src/battle_city.c:518:13: note: expected 'unsigned char *' but argument is of type 'unsigned char (*)[40]'
../src/battle_city.c:808:3: warning: passing argument 1 of 'mario_move' from incompatible pointer type [enabled by default]
../src/battle_city.c:361:15: note: expected 'unsigned char *' but argument is of type 'unsigned char (*)[40]'
../src/battle_city.c:748:6: warning: unused variable 'mapChange' [-Wunused-variable]
../src/battle_city.c: At top level:
../src/battle_city.c:165:13: warning: 'place_explosion' defined but not used [-Wunused-function]
'Finished building: ../src/battle_city.c'
' '
'Building target: boomberman_app.elf'
'Invoking: MicroBlaze gcc linker'
mb-gcc -Wl,-T -Wl,../src/lscript.ld -L../../batle_city_bsp_0/microblaze_0/lib -mlittle-endian -mxl-barrel-shift -mxl-pattern-compare -mcpu=v8.50.b -mno-xl-soft-mul -Wl,--no-relax -Wl,--gc-sections -o "boomberman_app.elf"  ./src/battle_city.o ./src/bitmap.o ./src/main.o ./src/platform.o ./src/tools.o   -Wl,--start-group,-lxil,-lgcc,-lc,--end-group
'Finished building target: boomberman_app.elf'
' '
'Invoking: MicroBlaze Print Size'
mb-size boomberman_app.elf  |tee "boomberman_app.elf.size"
   text	   data	    bss	    dec	    hex	filename
  24720	   5012	   2156	  31888	   7c90	boomberman_app.elf
'Finished building: boomberman_app.elf.size'
' '
'Invoking: Xilinx ELF Check'
elfcheck boomberman_app.elf -hw ../../battle_city_design_hw_platform/system.xml -pe microblaze_0  |tee "boomberman_app.elf.elfcheck"
elfcheck
Xilinx EDK 14.6 Build EDK_P.68d
Copyright (c) 1995-2012 Xilinx, Inc.  All rights reserved.

Command Line: elfcheck -hw ../../battle_city_design_hw_platform/system.xml -pe
microblaze_0 boomberman_app.elf 

ELF file	: boomberman_app.elf
elfcheck passed.
'Finished building: boomberman_app.elf.elfcheck'
' '
16:33:00 **** Auto Build of configuration Debug for project boomberman_app ****
make all 
'Building file: ../src/battle_city.c'
'Invoking: MicroBlaze gcc compiler'
mb-gcc -Wall -O0 -g3 -c -fmessage-length=0 -I../../batle_city_bsp_0/microblaze_0/include -mlittle-endian -mxl-barrel-shift -mxl-pattern-compare -mcpu=v8.50.b -mno-xl-soft-mul -Wl,--no-relax -ffunction-sections -fdata-sections -MMD -MP -MF"src/battle_city.d" -MT"src/battle_city.d" -o "src/battle_city.o" "../src/battle_city.c"
../src/battle_city.c: In function 'place_explosion':
../src/battle_city.c:168:3: warning: implicit declaration of function 'obstacles_detection' [-Wimplicit-function-declaration]
../src/battle_city.c: In function 'random_move_enemy':
../src/battle_city.c:718:2: warning: implicit declaration of function 'rand' [-Wimplicit-function-declaration]
../src/battle_city.c:719:2: warning: passing argument 4 of 'obstacles_detection' from incompatible pointer type [enabled by default]
../src/battle_city.c:311:5: note: expected 'unsigned char *' but argument is of type 'unsigned char (*)[40]'
../src/battle_city.c: In function 'battle_city':
../src/battle_city.c:750:2: warning: passing argument 1 of 'map_reset' from incompatible pointer type [enabled by default]
../src/battle_city.c:301:13: note: expected 'unsigned char *' but argument is of type 'unsigned char (*)[40]'
../src/battle_city.c:795:5: warning: passing argument 1 of 'destroy' from incompatible pointer type [enabled by default]
../src/battle_city.c:518:13: note: expected 'unsigned char *' but argument is of type 'unsigned char (*)[40]'
../src/battle_city.c:808:3: warning: passing argument 1 of 'mario_move' from incompatible pointer type [enabled by default]
../src/battle_city.c:361:15: note: expected 'unsigned char *' but argument is of type 'unsigned char (*)[40]'
../src/battle_city.c:748:6: warning: unused variable 'mapChange' [-Wunused-variable]
../src/battle_city.c: At top level:
../src/battle_city.c:165:13: warning: 'place_explosion' defined but not used [-Wunused-function]
'Finished building: ../src/battle_city.c'
' '
'Building target: boomberman_app.elf'
'Invoking: MicroBlaze gcc linker'
mb-gcc -Wl,-T -Wl,../src/lscript.ld -L../../batle_city_bsp_0/microblaze_0/lib -mlittle-endian -mxl-barrel-shift -mxl-pattern-compare -mcpu=v8.50.b -mno-xl-soft-mul -Wl,--no-relax -Wl,--gc-sections -o "boomberman_app.elf"  ./src/battle_city.o ./src/bitmap.o ./src/main.o ./src/platform.o ./src/tools.o   -Wl,--start-group,-lxil,-lgcc,-lc,--end-group
'Finished building target: boomberman_app.elf'
' '
'Invoking: MicroBlaze Print Size'
mb-size boomberman_app.elf  |tee "boomberman_app.elf.size"
   text	   data	    bss	    dec	    hex	filename
  24712	   5012	   2156	  31880	   7c88	boomberman_app.elf
'Finished building: boomberman_app.elf.size'
' '
'Invoking: Xilinx ELF Check'
elfcheck boomberman_app.elf -hw ../../battle_city_design_hw_platform/system.xml -pe microblaze_0  |tee "boomberman_app.elf.elfcheck"
elfcheck
Xilinx EDK 14.6 Build EDK_P.68d
Copyright (c) 1995-2012 Xilinx, Inc.  All rights reserved.

Command Line: elfcheck -hw ../../battle_city_design_hw_platform/system.xml -pe
microblaze_0 boomberman_app.elf 

ELF file	: boomberman_app.elf
elfcheck passed.
'Finished building: boomberman_app.elf.elfcheck'
' '
16:33:22 **** Auto Build of configuration Debug for project boomberman_app ****
make all 
'Building file: ../src/battle_city.c'
'Invoking: MicroBlaze gcc compiler'
mb-gcc -Wall -O0 -g3 -c -fmessage-length=0 -I../../batle_city_bsp_0/microblaze_0/include -mlittle-endian -mxl-barrel-shift -mxl-pattern-compare -mcpu=v8.50.b -mno-xl-soft-mul -Wl,--no-relax -ffunction-sections -fdata-sections -MMD -MP -MF"src/battle_city.d" -MT"src/battle_city.d" -o "src/battle_city.o" "../src/battle_city.c"
../src/battle_city.c: In function 'place_explosion':
../src/battle_city.c:168:3: warning: implicit declaration of function 'obstacles_detection' [-Wimplicit-function-declaration]
../src/battle_city.c: In function 'random_move_enemy':
../src/battle_city.c:718:2: warning: implicit declaration of function 'rand' [-Wimplicit-function-declaration]
../src/battle_city.c:719:2: warning: passing argument 4 of 'obstacles_detection' from incompatible pointer type [enabled by default]
../src/battle_city.c:311:5: note: expected 'unsigned char *' but argument is of type 'unsigned char (*)[40]'
../src/battle_city.c: In function 'battle_city':
../src/battle_city.c:750:2: warning: passing argument 1 of 'map_reset' from incompatible pointer type [enabled by default]
../src/battle_city.c:301:13: note: expected 'unsigned char *' but argument is of type 'unsigned char (*)[40]'
../src/battle_city.c:796:5: warning: passing argument 1 of 'destroy' from incompatible pointer type [enabled by default]
../src/battle_city.c:518:13: note: expected 'unsigned char *' but argument is of type 'unsigned char (*)[40]'
../src/battle_city.c:809:3: warning: passing argument 1 of 'mario_move' from incompatible pointer type [enabled by default]
../src/battle_city.c:361:15: note: expected 'unsigned char *' but argument is of type 'unsigned char (*)[40]'
../src/battle_city.c:759:6: warning: unused variable 'bombs_coordinates' [-Wunused-variable]
../src/battle_city.c:748:6: warning: unused variable 'mapChange' [-Wunused-variable]
../src/battle_city.c: At top level:
../src/battle_city.c:165:13: warning: 'place_explosion' defined but not used [-Wunused-function]
'Finished building: ../src/battle_city.c'
' '
'Building target: boomberman_app.elf'
'Invoking: MicroBlaze gcc linker'
mb-gcc -Wl,-T -Wl,../src/lscript.ld -L../../batle_city_bsp_0/microblaze_0/lib -mlittle-endian -mxl-barrel-shift -mxl-pattern-compare -mcpu=v8.50.b -mno-xl-soft-mul -Wl,--no-relax -Wl,--gc-sections -o "boomberman_app.elf"  ./src/battle_city.o ./src/bitmap.o ./src/main.o ./src/platform.o ./src/tools.o   -Wl,--start-group,-lxil,-lgcc,-lc,--end-group
'Finished building target: boomberman_app.elf'
' '
'Invoking: MicroBlaze Print Size'
mb-size boomberman_app.elf  |tee "boomberman_app.elf.size"
   text	   data	    bss	    dec	    hex	filename
  24712	   5012	   2156	  31880	   7c88	boomberman_app.elf
'Finished building: boomberman_app.elf.size'
' '
'Invoking: Xilinx ELF Check'
elfcheck boomberman_app.elf -hw ../../battle_city_design_hw_platform/system.xml -pe microblaze_0  |tee "boomberman_app.elf.elfcheck"
elfcheck
Xilinx EDK 14.6 Build EDK_P.68d
Copyright (c) 1995-2012 Xilinx, Inc.  All rights reserved.

Command Line: elfcheck -hw ../../battle_city_design_hw_platform/system.xml -pe
microblaze_0 boomberman_app.elf 

ELF file	: boomberman_app.elf
elfcheck passed.
'Finished building: boomberman_app.elf.elfcheck'
' '
16:34:02 **** Auto Build of configuration Debug for project boomberman_app ****
make all 
'Building file: ../src/battle_city.c'
'Invoking: MicroBlaze gcc compiler'
mb-gcc -Wall -O0 -g3 -c -fmessage-length=0 -I../../batle_city_bsp_0/microblaze_0/include -mlittle-endian -mxl-barrel-shift -mxl-pattern-compare -mcpu=v8.50.b -mno-xl-soft-mul -Wl,--no-relax -ffunction-sections -fdata-sections -MMD -MP -MF"src/battle_city.d" -MT"src/battle_city.d" -o "src/battle_city.o" "../src/battle_city.c"
../src/battle_city.c: In function 'place_explosion':
../src/battle_city.c:168:3: warning: implicit declaration of function 'obstacles_detection' [-Wimplicit-function-declaration]
../src/battle_city.c: In function 'random_move_enemy':
../src/battle_city.c:718:2: warning: implicit declaration of function 'rand' [-Wimplicit-function-declaration]
../src/battle_city.c:719:2: warning: passing argument 4 of 'obstacles_detection' from incompatible pointer type [enabled by default]
../src/battle_city.c:311:5: note: expected 'unsigned char *' but argument is of type 'unsigned char (*)[40]'
../src/battle_city.c: In function 'battle_city':
../src/battle_city.c:750:2: warning: passing argument 1 of 'map_reset' from incompatible pointer type [enabled by default]
../src/battle_city.c:301:13: note: expected 'unsigned char *' but argument is of type 'unsigned char (*)[40]'
../src/battle_city.c:796:5: warning: passing argument 1 of 'destroy' from incompatible pointer type [enabled by default]
../src/battle_city.c:518:13: note: expected 'unsigned char *' but argument is of type 'unsigned char (*)[40]'
../src/battle_city.c:809:3: warning: passing argument 1 of 'mario_move' from incompatible pointer type [enabled by default]
../src/battle_city.c:361:15: note: expected 'unsigned char *' but argument is of type 'unsigned char (*)[40]'
../src/battle_city.c:759:31: warning: unused variable 'bomb_index' [-Wunused-variable]
../src/battle_city.c:759:6: warning: unused variable 'bombs_coordinates' [-Wunused-variable]
../src/battle_city.c:748:6: warning: unused variable 'mapChange' [-Wunused-variable]
../src/battle_city.c: At top level:
../src/battle_city.c:165:13: warning: 'place_explosion' defined but not used [-Wunused-function]
'Finished building: ../src/battle_city.c'
' '
'Building target: boomberman_app.elf'
'Invoking: MicroBlaze gcc linker'
mb-gcc -Wl,-T -Wl,../src/lscript.ld -L../../batle_city_bsp_0/microblaze_0/lib -mlittle-endian -mxl-barrel-shift -mxl-pattern-compare -mcpu=v8.50.b -mno-xl-soft-mul -Wl,--no-relax -Wl,--gc-sections -o "boomberman_app.elf"  ./src/battle_city.o ./src/bitmap.o ./src/main.o ./src/platform.o ./src/tools.o   -Wl,--start-group,-lxil,-lgcc,-lc,--end-group
'Finished building target: boomberman_app.elf'
' '
'Invoking: MicroBlaze Print Size'
mb-size boomberman_app.elf  |tee "boomberman_app.elf.size"
   text	   data	    bss	    dec	    hex	filename
  24712	   5012	   2156	  31880	   7c88	boomberman_app.elf
'Finished building: boomberman_app.elf.size'
' '
'Invoking: Xilinx ELF Check'
elfcheck boomberman_app.elf -hw ../../battle_city_design_hw_platform/system.xml -pe microblaze_0  |tee "boomberman_app.elf.elfcheck"
elfcheck
Xilinx EDK 14.6 Build EDK_P.68d
Copyright (c) 1995-2012 Xilinx, Inc.  All rights reserved.

Command Line: elfcheck -hw ../../battle_city_design_hw_platform/system.xml -pe
microblaze_0 boomberman_app.elf 

ELF file	: boomberman_app.elf
elfcheck passed.
'Finished building: boomberman_app.elf.elfcheck'
' '
16:36:13 **** Auto Build of configuration Debug for project boomberman_app ****
make all 
'Building file: ../src/battle_city.c'
'Invoking: MicroBlaze gcc compiler'
mb-gcc -Wall -O0 -g3 -c -fmessage-length=0 -I../../batle_city_bsp_0/microblaze_0/include -mlittle-endian -mxl-barrel-shift -mxl-pattern-compare -mcpu=v8.50.b -mno-xl-soft-mul -Wl,--no-relax -ffunction-sections -fdata-sections -MMD -MP -MF"src/battle_city.d" -MT"src/battle_city.d" -o "src/battle_city.o" "../src/battle_city.c"
../src/battle_city.c: In function 'place_explosion':
../src/battle_city.c:168:3: warning: implicit declaration of function 'obstacles_detection' [-Wimplicit-function-declaration]
../src/battle_city.c: In function 'random_move_enemy':
../src/battle_city.c:718:2: warning: implicit declaration of function 'rand' [-Wimplicit-function-declaration]
../src/battle_city.c:719:2: warning: passing argument 4 of 'obstacles_detection' from incompatible pointer type [enabled by default]
../src/battle_city.c:311:5: note: expected 'unsigned char *' but argument is of type 'unsigned char (*)[40]'
../src/battle_city.c: In function 'battle_city':
../src/battle_city.c:750:2: warning: passing argument 1 of 'map_reset' from incompatible pointer type [enabled by default]
../src/battle_city.c:301:13: note: expected 'unsigned char *' but argument is of type 'unsigned char (*)[40]'
../src/battle_city.c:787:4: error: 'pom' undeclared (first use in this function)
../src/battle_city.c:787:4: note: each undeclared identifier is reported only once for each function it appears in
../src/battle_city.c:788:4: warning: value computed is not used [-Wunused-value]
../src/battle_city.c:789:4: error: expected ';' before 'map1'
../src/battle_city.c:798:5: warning: passing argument 1 of 'destroy' from incompatible pointer type [enabled by default]
../src/battle_city.c:518:13: note: expected 'unsigned char *' but argument is of type 'unsigned char (*)[40]'
../src/battle_city.c:812:3: warning: passing argument 1 of 'mario_move' from incompatible pointer type [enabled by default]
../src/battle_city.c:361:15: note: expected 'unsigned char *' but argument is of type 'unsigned char (*)[40]'
../src/battle_city.c:748:6: warning: unused variable 'mapChange' [-Wunused-variable]
../src/battle_city.c: At top level:
../src/battle_city.c:165:13: warning: 'place_explosion' defined but not used [-Wunused-function]
make: *** [src/battle_city.o] Greška 1
16:36:29 **** Auto Build of configuration Debug for project boomberman_app ****
make all 
'Building file: ../src/battle_city.c'
'Invoking: MicroBlaze gcc compiler'
mb-gcc -Wall -O0 -g3 -c -fmessage-length=0 -I../../batle_city_bsp_0/microblaze_0/include -mlittle-endian -mxl-barrel-shift -mxl-pattern-compare -mcpu=v8.50.b -mno-xl-soft-mul -Wl,--no-relax -ffunction-sections -fdata-sections -MMD -MP -MF"src/battle_city.d" -MT"src/battle_city.d" -o "src/battle_city.o" "../src/battle_city.c"
../src/battle_city.c: In function 'place_explosion':
../src/battle_city.c:168:3: warning: implicit declaration of function 'obstacles_detection' [-Wimplicit-function-declaration]
../src/battle_city.c: In function 'random_move_enemy':
../src/battle_city.c:718:2: warning: implicit declaration of function 'rand' [-Wimplicit-function-declaration]
../src/battle_city.c:719:2: warning: passing argument 4 of 'obstacles_detection' from incompatible pointer type [enabled by default]
../src/battle_city.c:311:5: note: expected 'unsigned char *' but argument is of type 'unsigned char (*)[40]'
../src/battle_city.c: In function 'battle_city':
../src/battle_city.c:750:2: warning: passing argument 1 of 'map_reset' from incompatible pointer type [enabled by default]
../src/battle_city.c:301:13: note: expected 'unsigned char *' but argument is of type 'unsigned char (*)[40]'
../src/battle_city.c:788:4: error: 'pom' undeclared (first use in this function)
../src/battle_city.c:788:4: note: each undeclared identifier is reported only once for each function it appears in
../src/battle_city.c:790:4: error: expected ';' before 'map1'
../src/battle_city.c:799:5: warning: passing argument 1 of 'destroy' from incompatible pointer type [enabled by default]
../src/battle_city.c:518:13: note: expected 'unsigned char *' but argument is of type 'unsigned char (*)[40]'
../src/battle_city.c:813:3: warning: passing argument 1 of 'mario_move' from incompatible pointer type [enabled by default]
../src/battle_city.c:361:15: note: expected 'unsigned char *' but argument is of type 'unsigned char (*)[40]'
../src/battle_city.c:759:6: warning: variable 'bombs_coordinates' set but not used [-Wunused-but-set-variable]
../src/battle_city.c:748:6: warning: unused variable 'mapChange' [-Wunused-variable]
../src/battle_city.c: At top level:
../src/battle_city.c:165:13: warning: 'place_explosion' defined but not used [-Wunused-function]
make: *** [src/battle_city.o] Greška 1
16:36:34 **** Auto Build of configuration Debug for project boomberman_app ****
make all 
'Building file: ../src/battle_city.c'
'Invoking: MicroBlaze gcc compiler'
mb-gcc -Wall -O0 -g3 -c -fmessage-length=0 -I../../batle_city_bsp_0/microblaze_0/include -mlittle-endian -mxl-barrel-shift -mxl-pattern-compare -mcpu=v8.50.b -mno-xl-soft-mul -Wl,--no-relax -ffunction-sections -fdata-sections -MMD -MP -MF"src/battle_city.d" -MT"src/battle_city.d" -o "src/battle_city.o" "../src/battle_city.c"
../src/battle_city.c: In function 'place_explosion':
../src/battle_city.c:168:3: warning: implicit declaration of function 'obstacles_detection' [-Wimplicit-function-declaration]
../src/battle_city.c: In function 'random_move_enemy':
../src/battle_city.c:718:2: warning: implicit declaration of function 'rand' [-Wimplicit-function-declaration]
../src/battle_city.c:719:2: warning: passing argument 4 of 'obstacles_detection' from incompatible pointer type [enabled by default]
../src/battle_city.c:311:5: note: expected 'unsigned char *' but argument is of type 'unsigned char (*)[40]'
../src/battle_city.c: In function 'battle_city':
../src/battle_city.c:750:2: warning: passing argument 1 of 'map_reset' from incompatible pointer type [enabled by default]
../src/battle_city.c:301:13: note: expected 'unsigned char *' but argument is of type 'unsigned char (*)[40]'
../src/battle_city.c:788:4: error: 'pom' undeclared (first use in this function)
../src/battle_city.c:788:4: note: each undeclared identifier is reported only once for each function it appears in
../src/battle_city.c:790:27: error: expected expression before ']' token
../src/battle_city.c:799:5: warning: passing argument 1 of 'destroy' from incompatible pointer type [enabled by default]
../src/battle_city.c:518:13: note: expected 'unsigned char *' but argument is of type 'unsigned char (*)[40]'
../src/battle_city.c:813:3: warning: passing argument 1 of 'mario_move' from incompatible pointer type [enabled by default]
../src/battle_city.c:361:15: note: expected 'unsigned char *' but argument is of type 'unsigned char (*)[40]'
../src/battle_city.c:759:6: warning: variable 'bombs_coordinates' set but not used [-Wunused-but-set-variable]
../src/battle_city.c:748:6: warning: unused variable 'mapChange' [-Wunused-variable]
../src/battle_city.c: At top level:
../src/battle_city.c:165:13: warning: 'place_explosion' defined but not used [-Wunused-function]
make: *** [src/battle_city.o] Greška 1
16:36:47 **** Auto Build of configuration Debug for project boomberman_app ****
make all 
'Building file: ../src/battle_city.c'
'Invoking: MicroBlaze gcc compiler'
mb-gcc -Wall -O0 -g3 -c -fmessage-length=0 -I../../batle_city_bsp_0/microblaze_0/include -mlittle-endian -mxl-barrel-shift -mxl-pattern-compare -mcpu=v8.50.b -mno-xl-soft-mul -Wl,--no-relax -ffunction-sections -fdata-sections -MMD -MP -MF"src/battle_city.d" -MT"src/battle_city.d" -o "src/battle_city.o" "../src/battle_city.c"
../src/battle_city.c: In function 'place_explosion':
../src/battle_city.c:168:3: warning: implicit declaration of function 'obstacles_detection' [-Wimplicit-function-declaration]
../src/battle_city.c: In function 'random_move_enemy':
../src/battle_city.c:718:2: warning: implicit declaration of function 'rand' [-Wimplicit-function-declaration]
../src/battle_city.c:719:2: warning: passing argument 4 of 'obstacles_detection' from incompatible pointer type [enabled by default]
../src/battle_city.c:311:5: note: expected 'unsigned char *' but argument is of type 'unsigned char (*)[40]'
../src/battle_city.c: In function 'battle_city':
../src/battle_city.c:750:2: warning: passing argument 1 of 'map_reset' from incompatible pointer type [enabled by default]
../src/battle_city.c:301:13: note: expected 'unsigned char *' but argument is of type 'unsigned char (*)[40]'
../src/battle_city.c:789:34: error: expected expression before ';' token
../src/battle_city.c:790:27: error: expected expression before ']' token
../src/battle_city.c:799:5: warning: passing argument 1 of 'destroy' from incompatible pointer type [enabled by default]
../src/battle_city.c:518:13: note: expected 'unsigned char *' but argument is of type 'unsigned char (*)[40]'
../src/battle_city.c:813:3: warning: passing argument 1 of 'mario_move' from incompatible pointer type [enabled by default]
../src/battle_city.c:361:15: note: expected 'unsigned char *' but argument is of type 'unsigned char (*)[40]'
../src/battle_city.c:759:6: warning: variable 'bombs_coordinates' set but not used [-Wunused-but-set-variable]
../src/battle_city.c:748:6: warning: unused variable 'mapChange' [-Wunused-variable]
../src/battle_city.c: At top level:
../src/battle_city.c:165:13: warning: 'place_explosion' defined but not used [-Wunused-function]
make: *** [src/battle_city.o] Greška 1
16:37:44 **** Auto Build of configuration Debug for project boomberman_app ****
make all 
'Building file: ../src/battle_city.c'
'Invoking: MicroBlaze gcc compiler'
mb-gcc -Wall -O0 -g3 -c -fmessage-length=0 -I../../batle_city_bsp_0/microblaze_0/include -mlittle-endian -mxl-barrel-shift -mxl-pattern-compare -mcpu=v8.50.b -mno-xl-soft-mul -Wl,--no-relax -ffunction-sections -fdata-sections -MMD -MP -MF"src/battle_city.d" -MT"src/battle_city.d" -o "src/battle_city.o" "../src/battle_city.c"
../src/battle_city.c: In function 'place_explosion':
../src/battle_city.c:168:3: warning: implicit declaration of function 'obstacles_detection' [-Wimplicit-function-declaration]
../src/battle_city.c: In function 'random_move_enemy':
../src/battle_city.c:718:2: warning: implicit declaration of function 'rand' [-Wimplicit-function-declaration]
../src/battle_city.c:719:2: warning: passing argument 4 of 'obstacles_detection' from incompatible pointer type [enabled by default]
../src/battle_city.c:311:5: note: expected 'unsigned char *' but argument is of type 'unsigned char (*)[40]'
../src/battle_city.c: In function 'battle_city':
../src/battle_city.c:750:2: warning: passing argument 1 of 'map_reset' from incompatible pointer type [enabled by default]
../src/battle_city.c:301:13: note: expected 'unsigned char *' but argument is of type 'unsigned char (*)[40]'
../src/battle_city.c:801:5: warning: passing argument 1 of 'destroy' from incompatible pointer type [enabled by default]
../src/battle_city.c:518:13: note: expected 'unsigned char *' but argument is of type 'unsigned char (*)[40]'
../src/battle_city.c:815:3: warning: passing argument 1 of 'mario_move' from incompatible pointer type [enabled by default]
../src/battle_city.c:361:15: note: expected 'unsigned char *' but argument is of type 'unsigned char (*)[40]'
../src/battle_city.c:748:6: warning: unused variable 'mapChange' [-Wunused-variable]
../src/battle_city.c: At top level:
../src/battle_city.c:165:13: warning: 'place_explosion' defined but not used [-Wunused-function]
'Finished building: ../src/battle_city.c'
' '
'Building target: boomberman_app.elf'
'Invoking: MicroBlaze gcc linker'
mb-gcc -Wl,-T -Wl,../src/lscript.ld -L../../batle_city_bsp_0/microblaze_0/lib -mlittle-endian -mxl-barrel-shift -mxl-pattern-compare -mcpu=v8.50.b -mno-xl-soft-mul -Wl,--no-relax -Wl,--gc-sections -o "boomberman_app.elf"  ./src/battle_city.o ./src/bitmap.o ./src/main.o ./src/platform.o ./src/tools.o   -Wl,--start-group,-lxil,-lgcc,-lc,--end-group
'Finished building target: boomberman_app.elf'
' '
'Invoking: MicroBlaze Print Size'
mb-size boomberman_app.elf  |tee "boomberman_app.elf.size"
   text	   data	    bss	    dec	    hex	filename
  25004	   5012	   2160	  32176	   7db0	boomberman_app.elf
'Finished building: boomberman_app.elf.size'
' '
'Invoking: Xilinx ELF Check'
elfcheck boomberman_app.elf -hw ../../battle_city_design_hw_platform/system.xml -pe microblaze_0  |tee "boomberman_app.elf.elfcheck"
elfcheck
Xilinx EDK 14.6 Build EDK_P.68d
Copyright (c) 1995-2012 Xilinx, Inc.  All rights reserved.

Command Line: elfcheck -hw ../../battle_city_design_hw_platform/system.xml -pe
microblaze_0 boomberman_app.elf 

ELF file	: boomberman_app.elf
elfcheck passed.
'Finished building: boomberman_app.elf.elfcheck'
' '
16:38:19 **** Auto Build of configuration Debug for project boomberman_app ****
make all 
'Building file: ../src/battle_city.c'
'Invoking: MicroBlaze gcc compiler'
mb-gcc -Wall -O0 -g3 -c -fmessage-length=0 -I../../batle_city_bsp_0/microblaze_0/include -mlittle-endian -mxl-barrel-shift -mxl-pattern-compare -mcpu=v8.50.b -mno-xl-soft-mul -Wl,--no-relax -ffunction-sections -fdata-sections -MMD -MP -MF"src/battle_city.d" -MT"src/battle_city.d" -o "src/battle_city.o" "../src/battle_city.c"
../src/battle_city.c: In function 'place_explosion':
../src/battle_city.c:168:3: warning: implicit declaration of function 'obstacles_detection' [-Wimplicit-function-declaration]
../src/battle_city.c: In function 'random_move_enemy':
../src/battle_city.c:718:2: warning: implicit declaration of function 'rand' [-Wimplicit-function-declaration]
../src/battle_city.c:719:2: warning: passing argument 4 of 'obstacles_detection' from incompatible pointer type [enabled by default]
../src/battle_city.c:311:5: note: expected 'unsigned char *' but argument is of type 'unsigned char (*)[40]'
../src/battle_city.c: In function 'battle_city':
../src/battle_city.c:750:2: warning: passing argument 1 of 'map_reset' from incompatible pointer type [enabled by default]
../src/battle_city.c:301:13: note: expected 'unsigned char *' but argument is of type 'unsigned char (*)[40]'
../src/battle_city.c:789:11: error: 'bombs_active_index' undeclared (first use in this function)
../src/battle_city.c:789:11: note: each undeclared identifier is reported only once for each function it appears in
../src/battle_city.c:801:5: warning: passing argument 1 of 'destroy' from incompatible pointer type [enabled by default]
../src/battle_city.c:518:13: note: expected 'unsigned char *' but argument is of type 'unsigned char (*)[40]'
../src/battle_city.c:815:3: warning: passing argument 1 of 'mario_move' from incompatible pointer type [enabled by default]
../src/battle_city.c:361:15: note: expected 'unsigned char *' but argument is of type 'unsigned char (*)[40]'
../src/battle_city.c:759:31: warning: unused variable 'active_bombs_index' [-Wunused-variable]
../src/battle_city.c:748:6: warning: unused variable 'mapChange' [-Wunused-variable]
../src/battle_city.c: At top level:
../src/battle_city.c:165:13: warning: 'place_explosion' defined but not used [-Wunused-function]
make: *** [src/battle_city.o] Greška 1
16:38:27 **** Auto Build of configuration Debug for project boomberman_app ****
make all 
'Building file: ../src/battle_city.c'
'Invoking: MicroBlaze gcc compiler'
mb-gcc -Wall -O0 -g3 -c -fmessage-length=0 -I../../batle_city_bsp_0/microblaze_0/include -mlittle-endian -mxl-barrel-shift -mxl-pattern-compare -mcpu=v8.50.b -mno-xl-soft-mul -Wl,--no-relax -ffunction-sections -fdata-sections -MMD -MP -MF"src/battle_city.d" -MT"src/battle_city.d" -o "src/battle_city.o" "../src/battle_city.c"
../src/battle_city.c: In function 'place_explosion':
../src/battle_city.c:168:3: warning: implicit declaration of function 'obstacles_detection' [-Wimplicit-function-declaration]
../src/battle_city.c: In function 'random_move_enemy':
../src/battle_city.c:718:2: warning: implicit declaration of function 'rand' [-Wimplicit-function-declaration]
../src/battle_city.c:719:2: warning: passing argument 4 of 'obstacles_detection' from incompatible pointer type [enabled by default]
../src/battle_city.c:311:5: note: expected 'unsigned char *' but argument is of type 'unsigned char (*)[40]'
../src/battle_city.c: In function 'battle_city':
../src/battle_city.c:750:2: warning: passing argument 1 of 'map_reset' from incompatible pointer type [enabled by default]
../src/battle_city.c:301:13: note: expected 'unsigned char *' but argument is of type 'unsigned char (*)[40]'
../src/battle_city.c:789:11: error: 'bombs_active_index' undeclared (first use in this function)
../src/battle_city.c:789:11: note: each undeclared identifier is reported only once for each function it appears in
../src/battle_city.c:801:5: warning: passing argument 1 of 'destroy' from incompatible pointer type [enabled by default]
../src/battle_city.c:518:13: note: expected 'unsigned char *' but argument is of type 'unsigned char (*)[40]'
../src/battle_city.c:815:3: warning: passing argument 1 of 'mario_move' from incompatible pointer type [enabled by default]
../src/battle_city.c:361:15: note: expected 'unsigned char *' but argument is of type 'unsigned char (*)[40]'
../src/battle_city.c:759:51: warning: unused variable 'exploding_bombs_index' [-Wunused-variable]
../src/battle_city.c:759:31: warning: unused variable 'active_bombs_index' [-Wunused-variable]
../src/battle_city.c:748:6: warning: unused variable 'mapChange' [-Wunused-variable]
../src/battle_city.c: At top level:
../src/battle_city.c:165:13: warning: 'place_explosion' defined but not used [-Wunused-function]
make: *** [src/battle_city.o] Greška 1
16:38:30 **** Auto Build of configuration Debug for project boomberman_app ****
make all 
'Building file: ../src/battle_city.c'
'Invoking: MicroBlaze gcc compiler'
mb-gcc -Wall -O0 -g3 -c -fmessage-length=0 -I../../batle_city_bsp_0/microblaze_0/include -mlittle-endian -mxl-barrel-shift -mxl-pattern-compare -mcpu=v8.50.b -mno-xl-soft-mul -Wl,--no-relax -ffunction-sections -fdata-sections -MMD -MP -MF"src/battle_city.d" -MT"src/battle_city.d" -o "src/battle_city.o" "../src/battle_city.c"
../src/battle_city.c: In function 'place_explosion':
../src/battle_city.c:168:3: warning: implicit declaration of function 'obstacles_detection' [-Wimplicit-function-declaration]
../src/battle_city.c: In function 'random_move_enemy':
../src/battle_city.c:718:2: warning: implicit declaration of function 'rand' [-Wimplicit-function-declaration]
../src/battle_city.c:719:2: warning: passing argument 4 of 'obstacles_detection' from incompatible pointer type [enabled by default]
../src/battle_city.c:311:5: note: expected 'unsigned char *' but argument is of type 'unsigned char (*)[40]'
../src/battle_city.c: In function 'battle_city':
../src/battle_city.c:750:2: warning: passing argument 1 of 'map_reset' from incompatible pointer type [enabled by default]
../src/battle_city.c:301:13: note: expected 'unsigned char *' but argument is of type 'unsigned char (*)[40]'
../src/battle_city.c:789:11: error: 'bombs_active_index' undeclared (first use in this function)
../src/battle_city.c:789:11: note: each undeclared identifier is reported only once for each function it appears in
../src/battle_city.c:801:5: warning: passing argument 1 of 'destroy' from incompatible pointer type [enabled by default]
../src/battle_city.c:518:13: note: expected 'unsigned char *' but argument is of type 'unsigned char (*)[40]'
../src/battle_city.c:815:3: warning: passing argument 1 of 'mario_move' from incompatible pointer type [enabled by default]
../src/battle_city.c:361:15: note: expected 'unsigned char *' but argument is of type 'unsigned char (*)[40]'
../src/battle_city.c:759:55: warning: unused variable 'exploding_bombs_index' [-Wunused-variable]
../src/battle_city.c:759:31: warning: unused variable 'active_bombs_index' [-Wunused-variable]
../src/battle_city.c:748:6: warning: unused variable 'mapChange' [-Wunused-variable]
../src/battle_city.c: At top level:
../src/battle_city.c:165:13: warning: 'place_explosion' defined but not used [-Wunused-function]
make: *** [src/battle_city.o] Greška 1
16:39:03 **** Auto Build of configuration Debug for project boomberman_app ****
make all 
'Building file: ../src/battle_city.c'
'Invoking: MicroBlaze gcc compiler'
mb-gcc -Wall -O0 -g3 -c -fmessage-length=0 -I../../batle_city_bsp_0/microblaze_0/include -mlittle-endian -mxl-barrel-shift -mxl-pattern-compare -mcpu=v8.50.b -mno-xl-soft-mul -Wl,--no-relax -ffunction-sections -fdata-sections -MMD -MP -MF"src/battle_city.d" -MT"src/battle_city.d" -o "src/battle_city.o" "../src/battle_city.c"
../src/battle_city.c: In function 'place_explosion':
../src/battle_city.c:168:3: warning: implicit declaration of function 'obstacles_detection' [-Wimplicit-function-declaration]
../src/battle_city.c: In function 'random_move_enemy':
../src/battle_city.c:718:2: warning: implicit declaration of function 'rand' [-Wimplicit-function-declaration]
../src/battle_city.c:719:2: warning: passing argument 4 of 'obstacles_detection' from incompatible pointer type [enabled by default]
../src/battle_city.c:311:5: note: expected 'unsigned char *' but argument is of type 'unsigned char (*)[40]'
../src/battle_city.c: In function 'battle_city':
../src/battle_city.c:750:2: warning: passing argument 1 of 'map_reset' from incompatible pointer type [enabled by default]
../src/battle_city.c:301:13: note: expected 'unsigned char *' but argument is of type 'unsigned char (*)[40]'
../src/battle_city.c:802:5: warning: passing argument 1 of 'destroy' from incompatible pointer type [enabled by default]
../src/battle_city.c:518:13: note: expected 'unsigned char *' but argument is of type 'unsigned char (*)[40]'
../src/battle_city.c:816:3: warning: passing argument 1 of 'mario_move' from incompatible pointer type [enabled by default]
../src/battle_city.c:361:15: note: expected 'unsigned char *' but argument is of type 'unsigned char (*)[40]'
../src/battle_city.c:748:6: warning: unused variable 'mapChange' [-Wunused-variable]
../src/battle_city.c: At top level:
../src/battle_city.c:165:13: warning: 'place_explosion' defined but not used [-Wunused-function]
'Finished building: ../src/battle_city.c'
' '
'Building target: boomberman_app.elf'
'Invoking: MicroBlaze gcc linker'
mb-gcc -Wl,-T -Wl,../src/lscript.ld -L../../batle_city_bsp_0/microblaze_0/lib -mlittle-endian -mxl-barrel-shift -mxl-pattern-compare -mcpu=v8.50.b -mno-xl-soft-mul -Wl,--no-relax -Wl,--gc-sections -o "boomberman_app.elf"  ./src/battle_city.o ./src/bitmap.o ./src/main.o ./src/platform.o ./src/tools.o   -Wl,--start-group,-lxil,-lgcc,-lc,--end-group
'Finished building target: boomberman_app.elf'
' '
'Invoking: MicroBlaze Print Size'
mb-size boomberman_app.elf  |tee "boomberman_app.elf.size"
   text	   data	    bss	    dec	    hex	filename
  25052	   5012	   2160	  32224	   7de0	boomberman_app.elf
'Finished building: boomberman_app.elf.size'
' '
'Invoking: Xilinx ELF Check'
elfcheck boomberman_app.elf -hw ../../battle_city_design_hw_platform/system.xml -pe microblaze_0  |tee "boomberman_app.elf.elfcheck"
elfcheck
Xilinx EDK 14.6 Build EDK_P.68d
Copyright (c) 1995-2012 Xilinx, Inc.  All rights reserved.

Command Line: elfcheck -hw ../../battle_city_design_hw_platform/system.xml -pe
microblaze_0 boomberman_app.elf 

ELF file	: boomberman_app.elf
elfcheck passed.
'Finished building: boomberman_app.elf.elfcheck'
' '
16:39:42 **** Auto Build of configuration Debug for project boomberman_app ****
make all 
'Building file: ../src/battle_city.c'
'Invoking: MicroBlaze gcc compiler'
mb-gcc -Wall -O0 -g3 -c -fmessage-length=0 -I../../batle_city_bsp_0/microblaze_0/include -mlittle-endian -mxl-barrel-shift -mxl-pattern-compare -mcpu=v8.50.b -mno-xl-soft-mul -Wl,--no-relax -ffunction-sections -fdata-sections -MMD -MP -MF"src/battle_city.d" -MT"src/battle_city.d" -o "src/battle_city.o" "../src/battle_city.c"
../src/battle_city.c: In function 'place_explosion':
../src/battle_city.c:168:3: warning: implicit declaration of function 'obstacles_detection' [-Wimplicit-function-declaration]
../src/battle_city.c: In function 'random_move_enemy':
../src/battle_city.c:718:2: warning: implicit declaration of function 'rand' [-Wimplicit-function-declaration]
../src/battle_city.c:719:2: warning: passing argument 4 of 'obstacles_detection' from incompatible pointer type [enabled by default]
../src/battle_city.c:311:5: note: expected 'unsigned char *' but argument is of type 'unsigned char (*)[40]'
../src/battle_city.c: In function 'battle_city':
../src/battle_city.c:750:2: warning: passing argument 1 of 'map_reset' from incompatible pointer type [enabled by default]
../src/battle_city.c:301:13: note: expected 'unsigned char *' but argument is of type 'unsigned char (*)[40]'
../src/battle_city.c:802:5: warning: passing argument 1 of 'destroy' from incompatible pointer type [enabled by default]
../src/battle_city.c:518:13: note: expected 'unsigned char *' but argument is of type 'unsigned char (*)[40]'
../src/battle_city.c:816:3: warning: passing argument 1 of 'mario_move' from incompatible pointer type [enabled by default]
../src/battle_city.c:361:15: note: expected 'unsigned char *' but argument is of type 'unsigned char (*)[40]'
../src/battle_city.c:748:6: warning: unused variable 'mapChange' [-Wunused-variable]
../src/battle_city.c: At top level:
../src/battle_city.c:165:13: warning: 'place_explosion' defined but not used [-Wunused-function]
'Finished building: ../src/battle_city.c'
' '
'Building target: boomberman_app.elf'
'Invoking: MicroBlaze gcc linker'
mb-gcc -Wl,-T -Wl,../src/lscript.ld -L../../batle_city_bsp_0/microblaze_0/lib -mlittle-endian -mxl-barrel-shift -mxl-pattern-compare -mcpu=v8.50.b -mno-xl-soft-mul -Wl,--no-relax -Wl,--gc-sections -o "boomberman_app.elf"  ./src/battle_city.o ./src/bitmap.o ./src/main.o ./src/platform.o ./src/tools.o   -Wl,--start-group,-lxil,-lgcc,-lc,--end-group
'Finished building target: boomberman_app.elf'
' '
'Invoking: MicroBlaze Print Size'
mb-size boomberman_app.elf  |tee "boomberman_app.elf.size"
   text	   data	    bss	    dec	    hex	filename
  25092	   5012	   2160	  32264	   7e08	boomberman_app.elf
'Finished building: boomberman_app.elf.size'
' '
'Invoking: Xilinx ELF Check'
elfcheck boomberman_app.elf -hw ../../battle_city_design_hw_platform/system.xml -pe microblaze_0  |tee "boomberman_app.elf.elfcheck"
elfcheck
Xilinx EDK 14.6 Build EDK_P.68d
Copyright (c) 1995-2012 Xilinx, Inc.  All rights reserved.

Command Line: elfcheck -hw ../../battle_city_design_hw_platform/system.xml -pe
microblaze_0 boomberman_app.elf 

ELF file	: boomberman_app.elf
elfcheck passed.
'Finished building: boomberman_app.elf.elfcheck'
' '
16:40:32 **** Auto Build of configuration Debug for project boomberman_app ****
make all 
'Building file: ../src/battle_city.c'
'Invoking: MicroBlaze gcc compiler'
mb-gcc -Wall -O0 -g3 -c -fmessage-length=0 -I../../batle_city_bsp_0/microblaze_0/include -mlittle-endian -mxl-barrel-shift -mxl-pattern-compare -mcpu=v8.50.b -mno-xl-soft-mul -Wl,--no-relax -ffunction-sections -fdata-sections -MMD -MP -MF"src/battle_city.d" -MT"src/battle_city.d" -o "src/battle_city.o" "../src/battle_city.c"
../src/battle_city.c: In function 'place_explosion':
../src/battle_city.c:168:3: warning: implicit declaration of function 'obstacles_detection' [-Wimplicit-function-declaration]
../src/battle_city.c: In function 'random_move_enemy':
../src/battle_city.c:718:2: warning: implicit declaration of function 'rand' [-Wimplicit-function-declaration]
../src/battle_city.c:719:2: warning: passing argument 4 of 'obstacles_detection' from incompatible pointer type [enabled by default]
../src/battle_city.c:311:5: note: expected 'unsigned char *' but argument is of type 'unsigned char (*)[40]'
../src/battle_city.c: In function 'battle_city':
../src/battle_city.c:750:2: warning: passing argument 1 of 'map_reset' from incompatible pointer type [enabled by default]
../src/battle_city.c:301:13: note: expected 'unsigned char *' but argument is of type 'unsigned char (*)[40]'
../src/battle_city.c:802:5: warning: passing argument 1 of 'destroy' from incompatible pointer type [enabled by default]
../src/battle_city.c:518:13: note: expected 'unsigned char *' but argument is of type 'unsigned char (*)[40]'
../src/battle_city.c:816:3: warning: passing argument 1 of 'mario_move' from incompatible pointer type [enabled by default]
../src/battle_city.c:361:15: note: expected 'unsigned char *' but argument is of type 'unsigned char (*)[40]'
../src/battle_city.c:760:6: warning: unused variable 'bombs_tick_counter' [-Wunused-variable]
../src/battle_city.c:748:6: warning: unused variable 'mapChange' [-Wunused-variable]
../src/battle_city.c: At top level:
../src/battle_city.c:165:13: warning: 'place_explosion' defined but not used [-Wunused-function]
'Finished building: ../src/battle_city.c'
' '
'Building target: boomberman_app.elf'
'Invoking: MicroBlaze gcc linker'
mb-gcc -Wl,-T -Wl,../src/lscript.ld -L../../batle_city_bsp_0/microblaze_0/lib -mlittle-endian -mxl-barrel-shift -mxl-pattern-compare -mcpu=v8.50.b -mno-xl-soft-mul -Wl,--no-relax -Wl,--gc-sections -o "boomberman_app.elf"  ./src/battle_city.o ./src/bitmap.o ./src/main.o ./src/platform.o ./src/tools.o   -Wl,--start-group,-lxil,-lgcc,-lc,--end-group
'Finished building target: boomberman_app.elf'
' '
'Invoking: MicroBlaze Print Size'
mb-size boomberman_app.elf  |tee "boomberman_app.elf.size"
   text	   data	    bss	    dec	    hex	filename
  25084	   5012	   2160	  32256	   7e00	boomberman_app.elf
'Finished building: boomberman_app.elf.size'
' '
'Invoking: Xilinx ELF Check'
elfcheck boomberman_app.elf -hw ../../battle_city_design_hw_platform/system.xml -pe microblaze_0  |tee "boomberman_app.elf.elfcheck"
elfcheck
Xilinx EDK 14.6 Build EDK_P.68d
Copyright (c) 1995-2012 Xilinx, Inc.  All rights reserved.

Command Line: elfcheck -hw ../../battle_city_design_hw_platform/system.xml -pe
microblaze_0 boomberman_app.elf 

ELF file	: boomberman_app.elf
elfcheck passed.
'Finished building: boomberman_app.elf.elfcheck'
' '
